Component: ARM Compiler 5.06 update 7 (build 960) Tool: armlink [4d3601]

==============================================================================

Section Cross References

    startup_stm32f103xb.o(STACK) refers (Special) to heapauxi.o(.text) for __use_two_region_memory
    startup_stm32f103xb.o(HEAP) refers (Special) to heapauxi.o(.text) for __use_two_region_memory
    startup_stm32f103xb.o(RESET) refers (Special) to heapauxi.o(.text) for __use_two_region_memory
    startup_stm32f103xb.o(RESET) refers to startup_stm32f103xb.o(STACK) for __initial_sp
    startup_stm32f103xb.o(RESET) refers to startup_stm32f103xb.o(.text) for Reset_Handler
    startup_stm32f103xb.o(RESET) refers to stm32f1xx_it.o(i.NMI_Handler) for NMI_Handler
    startup_stm32f103xb.o(RESET) refers to stm32f1xx_it.o(i.HardFault_Handler) for HardFault_Handler
    startup_stm32f103xb.o(RESET) refers to stm32f1xx_it.o(i.MemManage_Handler) for MemManage_Handler
    startup_stm32f103xb.o(RESET) refers to stm32f1xx_it.o(i.BusFault_Handler) for BusFault_Handler
    startup_stm32f103xb.o(RESET) refers to stm32f1xx_it.o(i.UsageFault_Handler) for UsageFault_Handler
    startup_stm32f103xb.o(RESET) refers to port.o(.emb_text) for SVC_Handler
    startup_stm32f103xb.o(RESET) refers to stm32f1xx_it.o(i.DebugMon_Handler) for DebugMon_Handler
    startup_stm32f103xb.o(RESET) refers to cmsis_os2.o(i.SysTick_Handler) for SysTick_Handler
    startup_stm32f103xb.o(RESET) refers to stm32f1xx_it.o(i.TIM1_UP_IRQHandler) for TIM1_UP_IRQHandler
    startup_stm32f103xb.o(RESET) refers to stm32f1xx_it.o(i.USART1_IRQHandler) for USART1_IRQHandler
    startup_stm32f103xb.o(RESET) refers to stm32f1xx_it.o(i.USART2_IRQHandler) for USART2_IRQHandler
    startup_stm32f103xb.o(RESET) refers to stm32f1xx_it.o(i.USART3_IRQHandler) for USART3_IRQHandler
    startup_stm32f103xb.o(RESET) refers to stm32f1xx_it.o(i.EXTI15_10_IRQHandler) for EXTI15_10_IRQHandler
    startup_stm32f103xb.o(.text) refers (Special) to heapauxi.o(.text) for __use_two_region_memory
    startup_stm32f103xb.o(.text) refers to system_stm32f1xx.o(i.SystemInit) for SystemInit
    startup_stm32f103xb.o(.text) refers to __main.o(!!!main) for __main
    startup_stm32f103xb.o(.text) refers to startup_stm32f103xb.o(HEAP) for Heap_Mem
    startup_stm32f103xb.o(.text) refers to startup_stm32f103xb.o(STACK) for Stack_Mem
    main.o(i.HAL_GPIO_EXTI_Callback) refers to stm32f1xx_hal_gpio.o(i.HAL_GPIO_ReadPin) for HAL_GPIO_ReadPin
    main.o(i.HAL_GPIO_EXTI_Callback) refers to main.o(.data) for .data
    main.o(i.HAL_TIM_PeriodElapsedCallback) refers to stm32f1xx_hal.o(i.HAL_IncTick) for HAL_IncTick
    main.o(i.HAL_UART_RxCpltCallback) refers to rt_memcpy_v6.o(.text) for __aeabi_memcpy
    main.o(i.HAL_UART_RxCpltCallback) refers to stm32f1xx_hal_uart.o(i.HAL_UART_Receive_IT) for HAL_UART_Receive_IT
    main.o(i.HAL_UART_RxCpltCallback) refers to rt_memcpy_w.o(.text) for __aeabi_memcpy4
    main.o(i.HAL_UART_RxCpltCallback) refers to servo.o(i.Servo_ProcessRxByte) for Servo_ProcessRxByte
    main.o(i.HAL_UART_RxCpltCallback) refers to main.o(.data) for .data
    main.o(i.HAL_UART_RxCpltCallback) refers to main.o(.bss) for .bss
    main.o(i.HAL_UART_RxCpltCallback) refers to servo.o(.data) for uart1_rx_byte
    main.o(i.MX_ADC1_Init) refers to stm32f1xx_hal_adc.o(i.HAL_ADC_Init) for HAL_ADC_Init
    main.o(i.MX_ADC1_Init) refers to stm32f1xx_hal_adc.o(i.HAL_ADC_ConfigChannel) for HAL_ADC_ConfigChannel
    main.o(i.MX_ADC1_Init) refers to main.o(.bss) for .bss
    main.o(i.MX_GPIO_Init) refers to stm32f1xx_hal_gpio.o(i.HAL_GPIO_WritePin) for HAL_GPIO_WritePin
    main.o(i.MX_GPIO_Init) refers to stm32f1xx_hal_gpio.o(i.HAL_GPIO_Init) for HAL_GPIO_Init
    main.o(i.MX_GPIO_Init) refers to stm32f1xx_hal_cortex.o(i.HAL_NVIC_SetPriority) for HAL_NVIC_SetPriority
    main.o(i.MX_GPIO_Init) refers to stm32f1xx_hal_cortex.o(i.HAL_NVIC_EnableIRQ) for HAL_NVIC_EnableIRQ
    main.o(i.StartGlobalTask) refers to main.o(i.load_pool_state_from_flash) for load_pool_state_from_flash
    main.o(i.StartGlobalTask) refers to cmsis_os2.o(i.osDelay) for osDelay
    main.o(i.StartGlobalTask) refers to main.o(i.write_variable) for write_variable
    main.o(i.StartGlobalTask) refers to stm32f1xx_hal_uart.o(i.HAL_UART_Receive_IT) for HAL_UART_Receive_IT
    main.o(i.StartGlobalTask) refers to main.o(i.request_rtc_time) for request_rtc_time
    main.o(i.StartGlobalTask) refers to cmsis_os2.o(i.osKernelGetTickCount) for osKernelGetTickCount
    main.o(i.StartGlobalTask) refers to stm32f1xx_hal_iwdg.o(i.HAL_IWDG_Refresh) for HAL_IWDG_Refresh
    main.o(i.StartGlobalTask) refers to rt_memcpy_v6.o(.text) for __aeabi_memcpy
    main.o(i.StartGlobalTask) refers to main.o(i.handle_dwin_command) for handle_dwin_command
    main.o(i.StartGlobalTask) refers to cmsis_os2.o(i.osMutexAcquire) for osMutexAcquire
    main.o(i.StartGlobalTask) refers to cmsis_os2.o(i.osMutexRelease) for osMutexRelease
[...]
    .bss                                     0x2000387c   Section       32  servo.o(.bss)
    servo_rx_buf                             0x2000387c   Data          32  servo.o(.bss)
    .bss                                     0x2000389c   Section       96  libspace.o(.bss)
    HEAP                                     0x20003900   Section      512  startup_stm32f103xb.o(HEAP)
    Heap_Mem                                 0x20003900   Data         512  startup_stm32f103xb.o(HEAP)
    STACK                                    0x20003b00   Section     1024  startup_stm32f103xb.o(STACK)
    Stack_Mem                                0x20003b00   Data        1024  startup_stm32f103xb.o(STACK)
    __initial_sp                             0x20003f00   Data           0  startup_stm32f103xb.o(STACK)

    Global Symbols

    Symbol Name                              Value     Ov Type        Size  Object(Section)

    BuildAttributes$$THM_ISAv4$P$D$K$B$S$PE$A:L22UL41UL21$X:L11$S22US41US21$IEEE1$IW$USESV6$~STKCKD$USESV7$~SHL$OTIME$ROPI$IEEEX$EBA8$UX$STANDARDLIB$REQ8$PRES8$EABIv2 0x00000000   Number         0  anon$$obj.o ABSOLUTE
    __ARM_use_no_argv                        0x00000000   Number         0  main.o ABSOLUTE
    _printf_flags                            0x00000000   Number         0  printf_stubs.o ABSOLUTE
    _printf_return_value                     0x00000000   Number         0  printf_stubs.o ABSOLUTE
    _printf_sizespec                         0x00000000   Number         0  printf_stubs.o ABSOLUTE
    _printf_widthprec                        0x00000000   Number         0  printf_stubs.o ABSOLUTE
    __ARM_exceptions_init                     - Undefined Weak Reference
    __alloca_initialize                       - Undefined Weak Reference
    __arm_fini_                               - Undefined Weak Reference
    __arm_preinit_                            - Undefined Weak Reference
    __cpp_initialize__aeabi_                  - Undefined Weak Reference
    __cxa_finalize                            - Undefined Weak Reference
    __sigvec_lookup                           - Undefined Weak Reference
    _atexit_init                              - Undefined Weak Reference
    _call_atexit_fns                          - Undefined Weak Reference
    _clock_init                               - Undefined Weak Reference
    _fp_trap_init                             - Undefined Weak Reference
    _fp_trap_shutdown                         - Undefined Weak Reference
    _get_lc_collate                           - Undefined Weak Reference
    _get_lc_monetary                          - Undefined Weak Reference
    _get_lc_numeric                           - Undefined Weak Reference
    _get_lc_time                              - Undefined Weak Reference
    _getenv_init                              - Undefined Weak Reference
    _handle_redirection                       - Undefined Weak Reference
    _init_alloc                               - Undefined Weak Reference
    _init_user_alloc                          - Undefined Weak Reference
    _initio                                   - Undefined Weak Reference
    _printf_mbtowc                            - Undefined Weak Reference
    _printf_post_padding                      - Undefined Weak Reference
    _printf_pre_padding                       - Undefined Weak Reference
    _printf_truncate_signed                   - Undefined Weak Reference
    _printf_truncate_unsigned                 - Undefined Weak Reference
    _rand_init                                - Undefined Weak Reference
    _signal_finish                            - Undefined Weak Reference
    _signal_init                              - Undefined Weak Reference
    _terminate_alloc                          - Undefined Weak Reference
    _terminate_user_alloc                     - Undefined Weak Reference
    _terminateio                              - Undefined Weak Reference
    __Vectors_Size                           0x000000ec   Number         0  startup_stm32f103xb.o ABSOLUTE
    __Vectors                                0x08000000   Data           4  startup_stm32f103xb.o(RESET)
    __Vectors_End                            0x080000ec   Data           0  startup_stm32f103xb.o(RESET)
    __main                                   0x080000ed   Thumb Code     8  __main.o(!!!main)
    __scatterload                            0x080000f5   Thumb Code     0  __scatter.o(!!!scatter)
    __scatterload_rt2                        0x080000f5   Thumb Code    44  __scatter.o(!!!scatter)
    __scatterload_rt2_thumb_only             0x080000f5   Thumb Code     0  __scatter.o(!!!scatter)
    __scatterload_null                       0x08000103   Thumb Code     0  __scatter.o(!!!scatter)
    __scatterload_copy                       0x08000129   Thumb Code    26  __scatter_copy.o(!!handler_copy)
    __scatterload_zeroinit                   0x08000145   Thumb Code    28  __scatter_zi.o(!!handler_zi)
    _printf_d                                0x08000161   Thumb Code     0  _printf_d.o(.ARM.Collect$$_printf_percent$$00000009)
    _printf_percent                          0x08000161   Thumb Code     0  _printf_percent.o(.ARM.Collect$$_printf_percent$$00000000)
    _printf_u                                0x08000167   Thumb Code     0  _printf_u.o(.ARM.Collect$$_printf_percent$$0000000A)
    _printf_s                                0x0800016d   Thumb Code     0  _printf_s.o(.ARM.Collect$$_printf_percent$$00000014)
    _printf_percent_end                      0x08000173   Thumb Code     0  _printf_percent_end.o(.ARM.Collect$$_printf_percent$$00000017)
    __rt_lib_init                            0x08000177   Thumb Code     0  libinit.o(.ARM.Collect$$libinit$$00000000)
    __rt_lib_init_fp_1                       0x08000179   Thumb Code     0  libinit2.o(.ARM.Collect$$libinit$$00000002)
    __rt_lib_init_heap_1                     0x08000179   Thumb Code     0  libinit2.o(.ARM.Collect$$libinit$$0000000A)
    __rt_lib_init_lc_common                  0x08000179   Thumb Code     0  libinit2.o(.ARM.Collect$$libinit$$0000000F)
    __rt_lib_init_preinit_1                  0x08000179   Thumb Code     0  libinit2.o(.ARM.Collect$$libinit$$00000004)
    __rt_lib_init_rand_1                     0x08000179   Thumb Code     0  libinit2.o(.ARM.Collect$$libinit$$0000000E)
    __rt_lib_init_user_alloc_1               0x08000179   Thumb Code     0  libinit2.o(.ARM.Collect$$libinit$$0000000C)
    __rt_lib_init_lc_collate_1               0x0800017f   Thumb Code     0  libinit2.o(.ARM.Collect$$libinit$$00000011)
    __rt_lib_init_lc_ctype_2                 0x0800017f   Thumb Code     0  libinit2.o(.ARM.Collect$$libinit$$00000012)
    __rt_lib_init_alloca_1                   0x0800018b   Thumb Code     0  libinit2.o(.ARM.Collect$$libinit$$0000002E)
    __rt_lib_init_argv_1                     0x0800018b   Thumb Code     0  libinit2.o(.ARM.Collect$$libinit$$0000002C)
    __rt_lib_init_atexit_1                   0x0800018b   Thumb Code     0  libinit2.o(.ARM.Collect$$libinit$$0000001B)
    __rt_lib_init_clock_1                    0x0800018b   Thumb Code     0  libinit2.o(.ARM.Collect$$libinit$$00000021)
    __rt_lib_init_cpp_1                      0x0800018b   Thumb Code     0  libinit2.o(.ARM.Collect$$libinit$$00000032)
    __rt_lib_init_exceptions_1               0x0800018b   Thumb Code     0  libinit2.o(.ARM.Collect$$libinit$$00000030)
    __rt_lib_init_fp_trap_1                  0x0800018b   Thumb Code     0  libinit2.o(.ARM.Collect$$libinit$$0000001F)
    __rt_lib_init_getenv_1                   0x0800018b   Thumb Code     0  libinit2.o(.ARM.Collect$$libinit$$00000023)
    __rt_lib_init_lc_ctype_1                 0x0800018b   Thumb Code     0  libinit2.o(.ARM.Collect$$libinit$$00000013)
    __rt_lib_init_lc_monetary_1              0x0800018b   Thumb Code     0  libinit2.o(.ARM.Collect$$libinit$$00000015)
    __rt_lib_init_lc_numeric_1               0x0800018b   Thumb Code     0  libinit2.o(.ARM.Collect$$libinit$$00000017)
    __rt_lib_init_lc_time_1                  0x0800018b   Thumb Code     0  libinit2.o(.ARM.Collect$$libinit$$00000019)
    __rt_lib_init_return                     0x0800018b   Thumb Code     0  libinit2.o(.ARM.Collect$$libinit$$00000033)
    __rt_lib_init_signal_1                   0x0800018b   Thumb Code     0  libinit2.o(.ARM.Collect$$libinit$$0000001D)
    __rt_lib_init_stdio_1                    0x0800018b   Thumb Code     0  libinit2.o(.ARM.Collect$$libinit$$00000025)
    __rt_lib_shutdown                        0x0800018d   Thumb Code     0  libshutdown.o(.ARM.Collect$$libshutdown$$00000000)
    __rt_lib_shutdown_cpp_1                  0x0800018f   Thumb Code     0  libshutdown2.o(.ARM.Collect$$libshutdown$$00000004)
    __rt_lib_shutdown_fini_1                 0x0800018f   Thumb Code     0  libshutdown2.o(.ARM.Collect$$libshutdown$$00000002)
    __rt_lib_shutdown_fp_trap_1              0x0800018f   Thumb Code     0  libshutdown2.o(.ARM.Collect$$libshutdown$$00000009)
    __rt_lib_shutdown_heap_1                 0x0800018f   Thumb Code     0  libshutdown2.o(.ARM.Collect$$libshutdown$$00000011)
    __rt_lib_shutdown_return                 0x0800018f   Thumb Code     0  libshutdown2.o(.ARM.Collect$$libshutdown$$00000012)
    __rt_lib_shutdown_signal_1               0x0800018f   Thumb Code     0  libshutdown2.o(.ARM.Collect$$libshutdown$$0000000C)
    __rt_lib_shutdown_stdio_1                0x0800018f   Thumb Code     0  libshutdown2.o(.ARM.Collect$$libshutdown$$00000006)
    __rt_lib_shutdown_user_alloc_1           0x0800018f   Thumb Code     0  libshutdown2.o(.ARM.Collect$$libshutdown$$0000000E)
    __rt_entry                               0x08000191   Thumb Code     0  __rtentry.o(.ARM.Collect$$rtentry$$00000000)
    __rt_entry_presh_1                       0x08000191   Thumb Code     0  __rtentry2.o(.ARM.Collect$$rtentry$$00000002)
    __rt_entry_sh                            0x08000191   Thumb Code     0  __rtentry4.o(.ARM.Collect$$rtentry$$00000004)
    __rt_entry_li                            0x08000197   Thumb Code     0  __rtentry2.o(.ARM.Collect$$rtentry$$0000000A)
    __rt_entry_postsh_1                      0x08000197   Thumb Code     0  __rtentry2.o(.ARM.Collect$$rtentry$$00000009)
    __rt_entry_main                          0x0800019b   Thumb Code     0  __rtentry2.o(.ARM.Collect$$rtentry$$0000000D)
    __rt_entry_postli_1                      0x0800019b   Thumb Code     0  __rtentry2.o(.ARM.Collect$$rtentry$$0000000C)
    __rt_exit                                0x080001a3   Thumb Code     0  rtexit.o(.ARM.Collect$$rtexit$$00000000)
    __rt_exit_ls                             0x080001a5   Thumb Code     0  rtexit2.o(.ARM.Collect$$rtexit$$00000003)
    __rt_exit_prels_1                        0x080001a5   Thumb Code     0  rtexit2.o(.ARM.Collect$$rtexit$$00000002)
    __rt_exit_exit                           0x080001a9   Thumb Code     0  rtexit2.o(.ARM.Collect$$rtexit$$00000004)
    SVC_Handler                              0x080001b1   Thumb Code    32  port.o(.emb_text)
    __asm___6_port_c_39a90d8d__prvStartFirstTask 0x080001d5   Thumb Code    28  port.o(.emb_text)
    PendSV_Handler                           0x080001f5   Thumb Code    72  port.o(.emb_text)
    vPortGetIPSR                             0x08000241   Thumb Code     6  port.o(.emb_text)
    Reset_Handler                            0x08000249   Thumb Code     8  startup_stm32f103xb.o(.text)
    ADC1_2_IRQHandler                        0x08000263   Thumb Code     0  startup_stm32f103xb.o(.text)
    CAN1_RX1_IRQHandler                      0x08000263   Thumb Code     0  startup_stm32f103xb.o(.text)
    CAN1_SCE_IRQHandler                      0x08000263   Thumb Code     0  startup_stm32f103xb.o(.text)
    DMA1_Channel1_IRQHandler                 0x08000263   Thumb Code     0  startup_stm32f103xb.o(.text)
    DMA1_Channel2_IRQHandler                 0x08000263   Thumb Code     0  startup_stm32f103xb.o(.text)
    DMA1_Channel3_IRQHandler                 0x08000263   Thumb Code     0  startup_stm32f103xb.o(.text)
    DMA1_Channel4_IRQHandler                 0x08000263   Thumb Code     0  startup_stm32f103xb.o(.text)
    DMA1_Channel5_IRQHandler                 0x08000263   Thumb Code     0  startup_stm32f103xb.o(.text)
    DMA1_Channel6_IRQHandler                 0x08000263   Thumb Code     0  startup_stm32f103xb.o(.text)
    DMA1_Channel7_IRQHandler                 0x08000263   Thumb Code     0  startup_stm32f103xb.o(.text)
    EXTI0_IRQHandler                         0x08000263   Thumb Code     0  startup_stm32f103xb.o(.text)
    EXTI1_IRQHandler                         0x08000263   Thumb Code     0  startup_stm32f103xb.o(.text)
    EXTI2_IRQHandler                         0x08000263   Thumb Code     0  startup_stm32f103xb.o(.text)
    EXTI3_IRQHandler                         0x08000263   Thumb Code     0  startup_stm32f103xb.o(.text)
    EXTI4_IRQHandler                         0x08000263   Thumb Code     0  startup_stm32f103xb.o(.text)
    EXTI9_5_IRQHandler                       0x08000263   Thumb Code     0  startup_stm32f103xb.o(.text)
    FLASH_IRQHandler                         0x08000263   Thumb Code     0  startup_stm32f103xb.o(.text)
    I2C1_ER_IRQHandler                       0x08000263   Thumb Code     0  startup_stm32f103xb.o(.text)
    I2C1_EV_IRQHandler                       0x08000263   Thumb Code     0  startup_stm32f103xb.o(.text)
    I2C2_ER_IRQHandler                       0x08000263   Thumb Code     0  startup_stm32f103xb.o(.text)
    I2C2_EV_IRQHandler                       0x08000263   Thumb Code     0  startup_stm32f103xb.o(.text)
    PVD_IRQHandler                           0x08000263   Thumb Code     0  startup_stm32f103xb.o(.text)
    RCC_IRQHandler                           0x08000263   Thumb Code     0  startup_stm32f103xb.o(.text)
    RTC_Alarm_IRQHandler                     0x08000263   Thumb Code     0  startup_stm32f103xb.o(.text)
    RTC_IRQHandler                           0x08000263   Thumb Code     0  startup_stm32f103xb.o(.text)
    SPI1_IRQHandler                          0x08000263   Thumb Code     0  startup_stm32f103xb.o(.text)
    SPI2_IRQHandler                          0x08000263   Thumb Code     0  startup_stm32f103xb.o(.text)
    TAMPER_IRQHandler                        0x08000263   Thumb Code     0  startup_stm32f103xb.o(.text)
    TIM1_BRK_IRQHandler                      0x08000263   Thumb Code     0  startup_stm32f103xb.o(.text)
    TIM1_CC_IRQHandler                       0x08000263   Thumb Code     0  startup_stm32f103xb.o(.text)
    TIM1_TRG_COM_IRQHandler                  0x08000263   Thumb Code     0  startup_stm32f103xb.o(.text)
    TIM2_IRQHandler                          0x08000263   Thumb Code     0  startup_stm32f103xb.o(.text)
    TIM3_IRQHandler                          0x08000263   Thumb Code     0  startup_stm32f103xb.o(.text)
    TIM4_IRQHandler                          0x08000263   Thumb Code     0  startup_stm32f103xb.o(.text)
    USBWakeUp_IRQHandler                     0x08000263   Thumb Code     0  startup_stm32f103xb.o(.text)
    USB_HP_CAN1_TX_IRQHandler                0x08000263   Thumb Code     0  startup_stm32f103xb.o(.text)
    USB_LP_CAN1_RX0_IRQHandler               0x08000263   Thumb Code     0  startup_stm32f103xb.o(.text)
    WWDG_IRQHandler                          0x08000263   Thumb Code     0  startup_stm32f103xb.o(.text)
    __user_initial_stackheap                 0x08000265   Thumb Code     0  startup_stm32f103xb.o(.text)
    __aeabi_llsr                             0x08000289   Thumb Code     0  llushr.o(.text)
    _ll_ushift_r                             0x08000289   Thumb Code    38  llushr.o(.text)
    __2snprintf                              0x080002b1   Thumb Code    50  __2snprintf.o(.text)
    __printf                                 0x080002e9   Thumb Code   104  __printf.o(.text)
    _printf_str                              0x08000351   Thumb Code    82  _printf_str.o(.text)
    _printf_int_dec                          0x080003a5   Thumb Code   104  _printf_dec.o(.text)
    atoi                                     0x0800041d   Thumb Code    26  atoi.o(.text)
    strstr                                   0x08000437   Thumb Code    36  strstr.o(.text)
    strncmp                                  0x0800045b   Thumb Code   150  strncmp.o(.text)
    __aeabi_memcpy                           0x080004f1   Thumb Code     0  rt_memcpy_v6.o(.text)
    __rt_memcpy                              0x080004f1   Thumb Code   138  rt_memcpy_v6.o(.text)
    _memcpy_lastbytes                        0x08000557   Thumb Code     0  rt_memcpy_v6.o(.text)
    __aeabi_memcpy4                          0x0800057b   Thumb Code     0  rt_memcpy_w.o(.text)
    __aeabi_memcpy8                          0x0800057b   Thumb Code     0  rt_memcpy_w.o(.text)
    __rt_memcpy_w                            0x0800057b   Thumb Code   100  rt_memcpy_w.o(.text)
    _memcpy_lastbytes_aligned                0x080005c3   Thumb Code     0  rt_memcpy_w.o(.text)
    __aeabi_memset                           0x080005df   Thumb Code    16  aeabi_memset.o(.text)
    __aeabi_memclr4                          0x080005ef   Thumb Code     0  rt_memclr_w.o(.text)
    __aeabi_memclr8                          0x080005ef   Thumb Code     0  rt_memclr_w.o(.text)
    __rt_memclr_w                            0x080005ef   Thumb Code    78  rt_memclr_w.o(.text)
    _memset_w                                0x080005f3   Thumb Code     0  rt_memclr_w.o(.text)
    __use_two_region_memory                  0x0800063d   Thumb Code     2  heapauxi.o(.text)
    __rt_heap_escrow$2region                 0x0800063f   Thumb Code     2  heapauxi.o(.text)
    __rt_heap_expand$2region                 0x08000641   Thumb Code     2  heapauxi.o(.text)
    __aeabi_errno_addr                       0x08000645   Thumb Code     8  rt_errno_addr_intlibspace.o(.text)
    __errno$intlibspace                      0x08000645   Thumb Code     0  rt_errno_addr_intlibspace.o(.text)
    __rt_errno_addr$intlibspace              0x08000645   Thumb Code     0  rt_errno_addr_intlibspace.o(.text)
    __read_errno                             0x0800064d   Thumb Code    10  _rserrno.o(.text)
    __set_errno                              0x08000657   Thumb Code    12  _rserrno.o(.text)
    _printf_int_common                       0x08000663   Thumb Code   178  _printf_intcommon.o(.text)
    _printf_char_common                      0x0800071f   Thumb Code    32  _printf_char_common.o(.text)
    _sputc                                   0x08000745   Thumb Code    10  _sputc.o(.text)
    _snputc                                  0x0800074f   Thumb Code    16  _snputc.o(.text)
    _printf_cs_common                        0x0800075f   Thumb Code    20  _printf_char.o(.text)
    _printf_char                             0x08000773   Thumb Code    16  _printf_char.o(.text)
    _printf_string                           0x08000783   Thumb Code     8  _printf_char.o(.text)
    strtol                                   0x0800078b   Thumb Code   112  strtol.o(.text)
    __aeabi_memclr                           0x080007fb   Thumb Code     0  rt_memclr.o(.text)
    __rt_memclr                              0x080007fb   Thumb Code    68  rt_memclr.o(.text)
    _memset                                  0x080007ff   Thumb Code     0  rt_memclr.o(.text)
    __user_libspace                          0x08000841   Thumb Code     8  libspace.o(.text)
    __user_perproc_libspace                  0x08000841   Thumb Code     0  libspace.o(.text)
    __user_perthread_libspace                0x08000841   Thumb Code     0  libspace.o(.text)
    __rt_ctype_table                         0x08000849   Thumb Code    16  rt_ctype_table.o(.text)
    _strtoul                                 0x08000859   Thumb Code   158  _strtoul.o(.text)
    __user_setup_stackheap                   0x080008f7   Thumb Code    74  sys_stackheap_outer.o(.text)
    __rt_locale                              0x08000941   Thumb Code     8  rt_locale_intlibspace.o(.text)
    _chval                                   0x08000949   Thumb Code    28  _chval.o(.text)
    exit                                     0x08000965   Thumb Code    18  exit.o(.text)
    strcmp                                   0x08000979   Thumb Code   128  strcmpv7m.o(.text)
    _sys_exit                                0x080009f9   Thumb Code     8  sys_exit.o(.text)
    __I$use$semihosting                      0x08000a05   Thumb Code     0  use_no_semi.o(.text)
    __use_no_semihosting_swi                 0x08000a05   Thumb Code     2  use_no_semi.o(.text)
    __semihosting_library_function           0x08000a07   Thumb Code     0  indicate_semi.o(.text)
    ADC_ConversionStop_Disable               0x08000a09   Thumb Code    86  stm32f1xx_hal_adc.o(i.ADC_ConversionStop_Disable)
    ADC_Enable                               0x08000a61   Thumb Code   114  stm32f1xx_hal_adc.o(i.ADC_Enable)
    BusFault_Handler                         0x08000add   Thumb Code     2  stm32f1xx_it.o(i.BusFault_Handler)
    DebugMon_Handler                         0x08000adf   Thumb Code     2  stm32f1xx_it.o(i.DebugMon_Handler)
    EXTI15_10_IRQHandler                     0x08000ae1   Thumb Code     8  stm32f1xx_it.o(i.EXTI15_10_IRQHandler)
    FLASH_PageErase                          0x08000b0d   Thumb Code    28  stm32f1xx_hal_flash_ex.o(i.FLASH_PageErase)
    FLASH_WaitForLastOperation               0x08000ba9   Thumb Code    80  stm32f1xx_hal_flash.o(i.FLASH_WaitForLastOperation)
    HAL_ADC_ConfigChannel                    0x08000bfd   Thumb Code   240  stm32f1xx_hal_adc.o(i.HAL_ADC_ConfigChannel)
    HAL_ADC_GetValue                         0x08000cf9   Thumb Code     6  stm32f1xx_hal_adc.o(i.HAL_ADC_GetValue)
    HAL_ADC_Init                             0x08000d01   Thumb Code   272  stm32f1xx_hal_adc.o(i.HAL_ADC_Init)
    HAL_ADC_MspInit                          0x08000e1d   Thumb Code    76  stm32f1xx_hal_msp.o(i.HAL_ADC_MspInit)
    HAL_ADC_PollForConversion                0x08000e75   Thumb Code   304  stm32f1xx_hal_adc.o(i.HAL_ADC_PollForConversion)
    HAL_ADC_Start                            0x08000fb1   Thumb Code   184  stm32f1xx_hal_adc.o(i.HAL_ADC_Start)
    HAL_DMA_Abort                            0x08001071   Thumb Code    70  stm32f1xx_hal_dma.o(i.HAL_DMA_Abort)
    HAL_DMA_Abort_IT                         0x080010b9   Thumb Code   148  stm32f1xx_hal_dma.o(i.HAL_DMA_Abort_IT)
    HAL_FLASHEx_Erase                        0x08001151   Thumb Code   160  stm32f1xx_hal_flash_ex.o(i.HAL_FLASHEx_Erase)
    HAL_FLASH_Lock                           0x080011f9   Thumb Code    14  stm32f1xx_hal_flash.o(i.HAL_FLASH_Lock)
    HAL_FLASH_Program                        0x0800120d   Thumb Code   120  stm32f1xx_hal_flash.o(i.HAL_FLASH_Program)
    HAL_FLASH_Unlock                         0x0800128d   Thumb Code    28  stm32f1xx_hal_flash.o(i.HAL_FLASH_Unlock)
    HAL_GPIO_EXTI_Callback                   0x080012b5   Thumb Code    26  main.o(i.HAL_GPIO_EXTI_Callback)
    HAL_GPIO_EXTI_IRQHandler                 0x080012d9   Thumb Code    18  stm32f1xx_hal_gpio.o(i.HAL_GPIO_EXTI_IRQHandler)
    HAL_GPIO_Init                            0x080012f1   Thumb Code   446  stm32f1xx_hal_gpio.o(i.HAL_GPIO_Init)
    HAL_GPIO_ReadPin                         0x080014d1   Thumb Code    10  stm32f1xx_hal_gpio.o(i.HAL_GPIO_ReadPin)
    HAL_GPIO_WritePin                        0x080014db   Thumb Code    10  stm32f1xx_hal_gpio.o(i.HAL_GPIO_WritePin)
    HAL_GetTick                              0x080014e5   Thumb Code     6  stm32f1xx_hal.o(i.HAL_GetTick)
    HAL_IWDG_Init                            0x080014f1   Thumb Code    94  stm32f1xx_hal_iwdg.o(i.HAL_IWDG_Init)
    HAL_IWDG_Refresh                         0x0800154f   Thumb Code    12  stm32f1xx_hal_iwdg.o(i.HAL_IWDG_Refresh)
    HAL_IncTick                              0x0800155d   Thumb Code    12  stm32f1xx_hal.o(i.HAL_IncTick)
    HAL_Init                                 0x0800156d   Thumb Code    32  stm32f1xx_hal.o(i.HAL_Init)
    HAL_InitTick                             0x08001591   Thumb Code   118  stm32f1xx_hal_timebase_tim.o(i.HAL_InitTick)
    HAL_MspInit                              0x0800161d   Thumb Code    62  stm32f1xx_hal_msp.o(i.HAL_MspInit)
    HAL_NVIC_EnableIRQ                       0x08001665   Thumb Code    26  stm32f1xx_hal_cortex.o(i.HAL_NVIC_EnableIRQ)
    HAL_NVIC_SetPriority                     0x08001681   Thumb Code    60  stm32f1xx_hal_cortex.o(i.HAL_NVIC_SetPriority)
    HAL_NVIC_SetPriorityGrouping             0x080016c1   Thumb Code    26  stm32f1xx_hal_cortex.o(i.HAL_NVIC_SetPriorityGrouping)
    HAL_RCCEx_GetPeriphCLKFreq               0x080016e5   Thumb Code   148  stm32f1xx_hal_rcc_ex.o(i.HAL_RCCEx_GetPeriphCLKFreq)
    HAL_RCCEx_PeriphCLKConfig                0x08001789   Thumb Code   224  stm32f1xx_hal_rcc_ex.o(i.HAL_RCCEx_PeriphCLKConfig)
    HAL_RCC_ClockConfig                      0x08001875   Thumb Code   280  stm32f1xx_hal_rcc.o(i.HAL_RCC_ClockConfig)
    HAL_RCC_GetClockConfig                   0x080019a1   Thumb Code    54  stm32f1xx_hal_rcc.o(i.HAL_RCC_GetClockConfig)
    HAL_RCC_GetPCLK1Freq                     0x080019e1   Thumb Code    20  stm32f1xx_hal_rcc.o(i.HAL_RCC_GetPCLK1Freq)
    HAL_RCC_GetPCLK2Freq                     0x08001a01   Thumb Code    20  stm32f1xx_hal_rcc.o(i.HAL_RCC_GetPCLK2Freq)
    HAL_RCC_GetSysClockFreq                  0x08001a21   Thumb Code    58  stm32f1xx_hal_rcc.o(i.HAL_RCC_GetSysClockFreq)
    HAL_RCC_OscConfig                        0x08001a6d   Thumb Code   778  stm32f1xx_hal_rcc.o(i.HAL_RCC_OscConfig)
    HAL_TIMEx_BreakCallback                  0x08001d8d   Thumb Code     2  stm32f1xx_hal_tim_ex.o(i.HAL_TIMEx_BreakCallback)
    HAL_TIMEx_CommutCallback                 0x08001d8f   Thumb Code     2  stm32f1xx_hal_tim_ex.o(i.HAL_TIMEx_CommutCallback)
    HAL_TIM_Base_Init                        0x08001d91   Thumb Code    90  stm32f1xx_hal_tim.o(i.HAL_TIM_Base_Init)
    HAL_TIM_Base_MspInit                     0x08001deb   Thumb Code     2  stm32f1xx_hal_tim.o(i.HAL_TIM_Base_MspInit)
    HAL_TIM_Base_Start_IT                    0x08001ded   Thumb Code    76  stm32f1xx_hal_tim.o(i.HAL_TIM_Base_Start_IT)
    HAL_TIM_IC_CaptureCallback               0x08001e45   Thumb Code     2  stm32f1xx_hal_tim.o(i.HAL_TIM_IC_CaptureCallback)
    HAL_TIM_IRQHandler                       0x08001e47   Thumb Code   304  stm32f1xx_hal_tim.o(i.HAL_TIM_IRQHandler)
    HAL_TIM_OC_DelayElapsedCallback          0x08001f77   Thumb Code     2  stm32f1xx_hal_tim.o(i.HAL_TIM_OC_DelayElapsedCallback)
    HAL_TIM_PWM_PulseFinishedCallback        0x08001f79   Thumb Code     2  stm32f1xx_hal_tim.o(i.HAL_TIM_PWM_PulseFinishedCallback)
    HAL_TIM_PeriodElapsedCallback            0x08001f7d   Thumb Code    14  main.o(i.HAL_TIM_PeriodElapsedCallback)
    HAL_TIM_TriggerCallback                  0x08001f91   Thumb Code     2  stm32f1xx_hal_tim.o(i.HAL_TIM_TriggerCallback)
    HAL_UARTEx_RxEventCallback               0x08001f93   Thumb Code     2  stm32f1xx_hal_uart.o(i.HAL_UARTEx_RxEventCallback)
    HAL_UART_ErrorCallback                   0x08001f95   Thumb Code     2  stm32f1xx_hal_uart.o(i.HAL_UART_ErrorCallback)
    HAL_UART_IRQHandler                      0x08001f99   Thumb Code   616  stm32f1xx_hal_uart.o(i.HAL_UART_IRQHandler)
    HAL_UART_Init                            0x08002205   Thumb Code   100  stm32f1xx_hal_uart.o(i.HAL_UART_Init)
    HAL_UART_MspInit                         0x08002269   Thumb Code   282  stm32f1xx_hal_msp.o(i.HAL_UART_MspInit)
    HAL_UART_Receive_IT                      0x0800239d   Thumb Code    28  stm32f1xx_hal_uart.o(i.HAL_UART_Receive_IT)
    HAL_UART_RxCpltCallback                  0x080023b9   Thumb Code   294  main.o(i.HAL_UART_RxCpltCallback)
    HAL_UART_Transmit                        0x080024fd   Thumb Code   160  stm32f1xx_hal_uart.o(i.HAL_UART_Transmit)
    HAL_UART_TxCpltCallback                  0x0800259d   Thumb Code     2  stm32f1xx_hal_uart.o(i.HAL_UART_TxCpltCallback)
    HardFault_Handler                        0x0800259f   Thumb Code     2  stm32f1xx_it.o(i.HardFault_Handler)
    MemManage_Handler                        0x080026ad   Thumb Code     2  stm32f1xx_it.o(i.MemManage_Handler)
    NMI_Handler                              0x080026af   Thumb Code     2  stm32f1xx_it.o(i.NMI_Handler)
    Servo_Init                               0x080028b9   Thumb Code    26  servo.o(i.Servo_Init)
    Servo_ProcessRxByte                      0x080028e5   Thumb Code    62  servo.o(i.Servo_ProcessRxByte)
    Servo_RequestBackwash                    0x08002931   Thumb Code     8  servo.o(i.Servo_RequestBackwash)
    StartGlobalTask                          0x080029c5   Thumb Code   868  main.o(i.StartGlobalTask)
    StartMqttWrite                           0x08002d41   Thumb Code   190  main.o(i.StartMqttWrite)
    StartReadNTC                             0x08002e39   Thumb Code    62  main.o(i.StartReadNTC)
    StartTaskFloat                           0x08002e7d   Thumb Code   280  main.o(i.StartTaskFloat)
    SysTick_Handler                          0x08002fa5   Thumb Code    26  cmsis_os2.o(i.SysTick_Handler)
    SystemClock_Config                       0x08002fbf   Thumb Code   128  main.o(i.SystemClock_Config)
    SystemInit                               0x0800303f   Thumb Code     2  system_stm32f1xx.o(i.SystemInit)
    TIM1_UP_IRQHandler                       0x08003041   Thumb Code     6  stm32f1xx_it.o(i.TIM1_UP_IRQHandler)
    TIM_Base_SetConfig                       0x0800304d   Thumb Code   108  stm32f1xx_hal_tim.o(i.TIM_Base_SetConfig)
    UART_Start_Receive_IT                    0x0800329d   Thumb Code    54  stm32f1xx_hal_uart.o(i.UART_Start_Receive_IT)
    USART1_IRQHandler                        0x08003345   Thumb Code     6  stm32f1xx_it.o(i.USART1_IRQHandler)
    USART2_IRQHandler                        0x08003351   Thumb Code     6  stm32f1xx_it.o(i.USART2_IRQHandler)
    USART3_IRQHandler                        0x0800335d   Thumb Code     6  stm32f1xx_it.o(i.USART3_IRQHandler)
    UsageFault_Handler                       0x08003369   Thumb Code     2  stm32f1xx_it.o(i.UsageFault_Handler)
    __mathlib_flt_divzero                    0x0800338b   Thumb Code    10  funder.o(i.__mathlib_flt_divzero)
    __mathlib_flt_infnan                     0x08003395   Thumb Code     6  funder.o(i.__mathlib_flt_infnan)
    __mathlib_flt_invalid                    0x0800339b   Thumb Code     8  funder.o(i.__mathlib_flt_invalid)
    handle_dwin_command                      0x080033a5   Thumb Code   202  main.o(i.handle_dwin_command)
    init_pool_state                          0x0800347d   Thumb Code    40  main.o(i.init_pool_state)
    load_pool_state_from_flash               0x080034a9   Thumb Code    34  main.o(i.load_pool_state_from_flash)
    __mathlib_logf                           0x080034d5   Thumb Code     0  logf.o(i.logf)
    logf                                     0x080034d5   Thumb Code   362  logf.o(i.logf)
    main                                     0x08003665   Thumb Code   250  main.o(i.main)
    osDelay                                  0x0800378d   Thumb Code    26  cmsis_os2.o(i.osDelay)
    osKernelGetTickCount                     0x080037a7   Thumb Code    14  cmsis_os2.o(i.osKernelGetTickCount)
    osKernelInitialize                       0x080037b5   Thumb Code    32  cmsis_os2.o(i.osKernelInitialize)
    osKernelStart                            0x080037d9   Thumb Code    48  cmsis_os2.o(i.osKernelStart)
    osMessageQueueGet                        0x08003811   Thumb Code    96  cmsis_os2.o(i.osMessageQueueGet)
    osMessageQueueNew                        0x08003875   Thumb Code    88  cmsis_os2.o(i.osMessageQueueNew)
    osMutexAcquire                           0x080038cd   Thumb Code    82  cmsis_os2.o(i.osMutexAcquire)
    osMutexNew                               0x0800391f   Thumb Code   104  cmsis_os2.o(i.osMutexNew)
    osMutexRelease                           0x08003987   Thumb Code    66  cmsis_os2.o(i.osMutexRelease)
    osThreadNew                              0x080039c9   Thumb Code   138  cmsis_os2.o(i.osThreadNew)
    parse_and_apply_json_command             0x08003a55   Thumb Code   296  main.o(i.parse_and_apply_json_command)
    pvPortMalloc                             0x0800438d   Thumb Code   216  heap_4.o(i.pvPortMalloc)
    pvTaskIncrementMutexHeldCount            0x08004469   Thumb Code    18  tasks.o(i.pvTaskIncrementMutexHeldCount)
    pxPortInitialiseStack                    0x08004481   Thumb Code    32  port.o(i.pxPortInitialiseStack)
    read_temperature_celsius_rounded         0x080044a5   Thumb Code   168  main.o(i.read_temperature_celsius_rounded)
    request_rtc_time                         0x08004575   Thumb Code    26  main.o(i.request_rtc_time)
    save_pool_state_to_flash                 0x0800459d   Thumb Code   116  main.o(i.save_pool_state_to_flash)
    uxListRemove                             0x08004621   Thumb Code    38  list.o(i.uxListRemove)
    vApplicationGetIdleTaskMemory            0x08004649   Thumb Code    16  cmsis_os2.o(i.vApplicationGetIdleTaskMemory)
    vApplicationGetTimerTaskMemory           0x0800465d   Thumb Code    18  cmsis_os2.o(i.vApplicationGetTimerTaskMemory)
    vApplicationStackOverflowHook            0x08004675   Thumb Code     2  freertos.o(i.vApplicationStackOverflowHook)
    vListInitialise                          0x08004677   Thumb Code    22  list.o(i.vListInitialise)
    vListInitialiseItem                      0x0800468d   Thumb Code     6  list.o(i.vListInitialiseItem)
    vListInsert                              0x08004693   Thumb Code    48  list.o(i.vListInsert)
    vListInsertEnd                           0x080046c3   Thumb Code    24  list.o(i.vListInsertEnd)
    vPortEnterCritical                       0x080046dd   Thumb Code    54  port.o(i.vPortEnterCritical)
    vPortExitCritical                        0x0800471d   Thumb Code    34  port.o(i.vPortExitCritical)
    vPortFree                                0x08004745   Thumb Code    94  heap_4.o(i.vPortFree)
    vPortSetupTimerInterrupt                 0x080047a9   Thumb Code    32  port.o(i.vPortSetupTimerInterrupt)
    vPortValidateInterruptPriority           0x080047cd   Thumb Code    74  port.o(i.vPortValidateInterruptPriority)
    vQueueAddToRegistry                      0x08004821   Thumb Code    34  queue.o(i.vQueueAddToRegistry)
    vQueueWaitForMessageRestricted           0x08004849   Thumb Code    68  queue.o(i.vQueueWaitForMessageRestricted)
    vTaskDelay                               0x0800488d   Thumb Code    66  tasks.o(i.vTaskDelay)
    vTaskDelayUntil                          0x080048d9   Thumb Code   132  tasks.o(i.vTaskDelayUntil)
    vTaskInternalSetTimeOutState             0x08004965   Thumb Code    12  tasks.o(i.vTaskInternalSetTimeOutState)
    vTaskMissedYield                         0x08004975   Thumb Code     8  tasks.o(i.vTaskMissedYield)
    vTaskPlaceOnEventList                    0x08004981   Thumb Code    44  tasks.o(i.vTaskPlaceOnEventList)
    vTaskPlaceOnEventListRestricted          0x080049b1   Thumb Code    52  tasks.o(i.vTaskPlaceOnEventListRestricted)
    vTaskPriorityDisinheritAfterTimeout      0x080049e9   Thumb Code   134  tasks.o(i.vTaskPriorityDisinheritAfterTimeout)
    vTaskStartScheduler                      0x08004a79   Thumb Code   118  tasks.o(i.vTaskStartScheduler)
    vTaskSuspendAll                          0x08004b01   Thumb Code    10  tasks.o(i.vTaskSuspendAll)
    vTaskSwitchContext                       0x08004b11   Thumb Code   132  tasks.o(i.vTaskSwitchContext)
    write_variable                           0x08004b9d   Thumb Code    46  main.o(i.write_variable)
    xPortStartScheduler                      0x08004bd9   Thumb Code   154  port.o(i.xPortStartScheduler)
    xPortSysTickHandler                      0x08004c81   Thumb Code    38  port.o(i.xPortSysTickHandler)
    xQueueCreateMutex                        0x08004cad   Thumb Code    22  queue.o(i.xQueueCreateMutex)
    xQueueCreateMutexStatic                  0x08004cc3   Thumb Code    26  queue.o(i.xQueueCreateMutexStatic)
    xQueueGenericCreate                      0x08004cdd   Thumb Code    66  queue.o(i.xQueueGenericCreate)
    xQueueGenericCreateStatic                0x08004d1f   Thumb Code   102  queue.o(i.xQueueGenericCreateStatic)
    xQueueGenericReset                       0x08004d85   Thumb Code   132  queue.o(i.xQueueGenericReset)
    xQueueGenericSend                        0x08004e0d   Thumb Code   346  queue.o(i.xQueueGenericSend)
    xQueueGenericSendFromISR                 0x08004f6d   Thumb Code   190  queue.o(i.xQueueGenericSendFromISR)
    xQueueGiveMutexRecursive                 0x0800502b   Thumb Code    62  queue.o(i.xQueueGiveMutexRecursive)
    xQueueReceive                            0x08005069   Thumb Code   308  queue.o(i.xQueueReceive)
    xQueueReceiveFromISR                     0x080051a1   Thumb Code   154  queue.o(i.xQueueReceiveFromISR)
    xQueueSemaphoreTake                      0x0800523d   Thumb Code   372  queue.o(i.xQueueSemaphoreTake)
    xQueueTakeMutexRecursive                 0x080053b5   Thumb Code    64  queue.o(i.xQueueTakeMutexRecursive)
    xTaskCheckForTimeOut                     0x080053f5   Thumb Code   112  tasks.o(i.xTaskCheckForTimeOut)
    xTaskCreate                              0x08005469   Thumb Code    90  tasks.o(i.xTaskCreate)
    xTaskCreateStatic                        0x080054c3   Thumb Code    86  tasks.o(i.xTaskCreateStatic)
    xTaskGetCurrentTaskHandle                0x08005519   Thumb Code     6  tasks.o(i.xTaskGetCurrentTaskHandle)
    xTaskGetSchedulerState                   0x08005525   Thumb Code    22  tasks.o(i.xTaskGetSchedulerState)
    xTaskGetTickCount                        0x08005541   Thumb Code     6  tasks.o(i.xTaskGetTickCount)
    xTaskGetTickCountFromISR                 0x0800554d   Thumb Code    12  tasks.o(i.xTaskGetTickCountFromISR)
    xTaskIncrementTick                       0x0800555d   Thumb Code   192  tasks.o(i.xTaskIncrementTick)
    xTaskPriorityDisinherit                  0x08005625   Thumb Code   118  tasks.o(i.xTaskPriorityDisinherit)
    xTaskPriorityInherit                     0x080056a5   Thumb Code   112  tasks.o(i.xTaskPriorityInherit)
    xTaskRemoveFromEventList                 0x0800571d   Thumb Code    98  tasks.o(i.xTaskRemoveFromEventList)
    xTaskResumeAll                           0x0800578d   Thumb Code   182  tasks.o(i.xTaskResumeAll)
    xTimerCreateTimerTask                    0x08005851   Thumb Code    78  timers.o(i.xTimerCreateTimerTask)
    xTimerGenericCommand                     0x080058b1   Thumb Code    98  timers.o(i.xTimerGenericCommand)
    _get_lc_ctype                            0x08005919   Thumb Code    44  lc_ctype_c.o(locale$$code)
    __aeabi_fadd                             0x08005945   Thumb Code     0  faddsub_clz.o(x$fpl$fadd)
    _fadd                                    0x08005945   Thumb Code   196  faddsub_clz.o(x$fpl$fadd)
    __fpl_fcheck_NaN1                        0x08005a09   Thumb Code     6  fcheck1.o(x$fpl$fcheck1)
    __aeabi_fdiv                             0x08005a15   Thumb Code     0  fdiv.o(x$fpl$fdiv)
    _fdiv                                    0x08005a15   Thumb Code   384  fdiv.o(x$fpl$fdiv)
    __aeabi_f2uiz                            0x08005b99   Thumb Code     0  ffixu.o(x$fpl$ffixu)
    _ffixu                                   0x08005b99   Thumb Code    62  ffixu.o(x$fpl$ffixu)
    __aeabi_i2f                              0x08005bd9   Thumb Code     0  fflt_clz.o(x$fpl$fflt)
    _fflt                                    0x08005bd9   Thumb Code    48  fflt_clz.o(x$fpl$fflt)
    __aeabi_ui2f                             0x08005c09   Thumb Code     0  fflt_clz.o(x$fpl$ffltu)
    _ffltu                                   0x08005c09   Thumb Code    38  fflt_clz.o(x$fpl$ffltu)
    __aeabi_fmul                             0x08005c31   Thumb Code     0  fmul.o(x$fpl$fmul)
    _fmul                                    0x08005c31   Thumb Code   258  fmul.o(x$fpl$fmul)
    __fpl_fnaninf                            0x08005d33   Thumb Code   140  fnaninf.o(x$fpl$fnaninf)
    __fpl_fretinf                            0x08005dbf   Thumb Code    10  fretinf.o(x$fpl$fretinf)
    __aeabi_fsub                             0x08005dc9   Thumb Code     0  faddsub_clz.o(x$fpl$fsub)
    _fsub                                    0x08005dc9   Thumb Code   234  faddsub_clz.o(x$fpl$fsub)
    __fpl_return_NaN                         0x08005eb3   Thumb Code   100  retnan.o(x$fpl$retnan)
    __ARM_scalbnf                            0x08005f17   Thumb Code    76  scalbnf.o(x$fpl$scalbnf)
    __fpl_cmpreturn                          0x08005f63   Thumb Code    48  trapv.o(x$fpl$trapveneer)
    __I$use$fp                               0x08005f92   Number         0  usenofp.o(x$fpl$usenofp)
    ReadNTC_attributes                       0x08005f94   Data          36  main.o(.constdata)
    GlobalTask_attributes                    0x08005fb8   Data          36  main.o(.constdata)
    FloatTask_attributes                     0x08005fdc   Data          36  main.o(.constdata)
    MqttWrite_attributes                     0x08006000   Data          36  main.o(.constdata)
    TemperatureQueue_attributes              0x08006024   Data          24  main.o(.constdata)
    MutexState_attributes                    0x0800603c   Data          16  main.o(.constdata)
    MutexFlash_attributes                    0x0800604c   Data          16  main.o(.constdata)
    AHBPrescTable                            0x08006080   Data          16  system_stm32f1xx.o(.constdata)
    APBPrescTable                            0x08006090   Data           8  system_stm32f1xx.o(.constdata)
    Region$$Table$$Base                      0x08006220   Number         0  anon$$obj.o(Region$$Table)
    Region$$Table$$Limit                     0x08006240   Number         0  anon$$obj.o(Region$$Table)
    __ctype                                  0x0800624d   Data           0  lc_ctype_c.o(locale$$data)
    float_interrupt_flag                     0x20000000   Data           1  main.o(.data)
    float_new_state                          0x20000001   Data           1  main.o(.data)
    isNeedToRefresh                          0x20000002   Data           1  main.o(.data)
    current_hour                             0x20000003   Data           1  main.o(.data)
    current_day_of_week                      0x20000004   Data           1  main.o(.data)
    usart2_command_ready                     0x20000005   Data           1  main.o(.data)
    packet_queue_head                        0x20000006   Data           1  main.o(.data)
    packet_queue_tail                        0x20000007   Data           1  main.o(.data)
    uart_rx_state                            0x20000008   Data           1  main.o(.data)
    packet_len                               0x20000009   Data           1  main.o(.data)
    packet_index                             0x2000000a   Data           1  main.o(.data)
    usart3_rx_byte                           0x2000000b   Data           1  main.o(.data)
    usart2_rx_byte                           0x2000000c   Data           1  main.o(.data)
    usart2_rx_index                          0x2000000e   Data           2  main.o(.data)
    ReadNTCHandle                            0x20000010   Data           4  main.o(.data)
    GlobalTaskHandle                         0x20000014   Data           4  main.o(.data)
    FloatTaskHandle                          0x20000018   Data           4  main.o(.data)
    MqttWriteHandle                          0x2000001c   Data           4  main.o(.data)
    TemperatureQueueHandle                   0x20000020   Data           4  main.o(.data)
    MutexStateHandle                         0x20000024   Data           4  main.o(.data)
    MutexFlashHandle                         0x20000028   Data           4  main.o(.data)
    uwTickFreq                               0x2000002c   Data           1  stm32f1xx_hal.o(.data)
    uwTickPrio                               0x20000030   Data           4  stm32f1xx_hal.o(.data)
    uwTick                                   0x20000034   Data           4  stm32f1xx_hal.o(.data)
    SystemCoreClock                          0x20000038   Data           4  system_stm32f1xx.o(.data)
    pxCurrentTCB                             0x2000003c   Data           4  tasks.o(.data)
    servo_sequence_active                    0x200000bc   Data           1  servo.o(.data)
    servo_error_flag                         0x200000bd   Data           1  servo.o(.data)
    uart1_rx_byte                            0x200000c0   Data           1  servo.o(.data)
    hadc1                                    0x200000c4   Data          48  main.o(.bss)
    hiwdg                                    0x200000f4   Data          12  main.o(.bss)
    huart1                                   0x20000100   Data          72  main.o(.bss)
    huart2                                   0x20000148   Data          72  main.o(.bss)
    huart3                                   0x20000190   Data          72  main.o(.bss)
    usart2_rx_buffer                         0x200001d8   Data         128  main.o(.bss)
    usart2_cmd_copy                          0x20000258   Data         128  main.o(.bss)
    packet_queue                             0x200002d8   Data          68  main.o(.bss)
    packet_buffer                            0x2000031c   Data          16  main.o(.bss)
    g_pool_state                             0x2000032c   Data          14  main.o(.bss)
    htim1                                    0x2000033c   Data          72  stm32f1xx_hal_timebase_tim.o(.bss)
    pFlash                                   0x20000388   Data          32  stm32f1xx_hal_flash.o(.bss)
    xQueueRegistry                           0x200003a8   Data          64  queue.o(.bss)
    __libspace_start                         0x2000389c   Data          96  libspace.o(.bss)
    __temporary_stack_top$libspace           0x200038fc   Data           0  libspace.o(.bss)



==============================================================================

Memory Map of the image

  Image Entry point : 0x080000ed

  Load Region LR_IROM1 (Base: 0x08000000, Size: 0x00006414, Max: 0x0000f800, ABSOLUTE)

    Execution Region ER_IROM1 (Exec base: 0x08000000, Load base: 0x08000000, Size: 0x00006350, Max: 0x0000f800, ABSOLUTE)

    Exec Addr    Load Addr    Size         Type   Attr      Idx    E Section Name        Object

    0x08000000   0x08000000   0x000000ec   Data   RO            3    RESET               startup_stm32f103xb.o
    0x080000ec   0x080000ec   0x00000008   Code   RO         5074  * !!!main             c_w.l(__main.o)
    0x080000f4   0x080000f4   0x00000034   Code   RO         5332    !!!scatter          c_w.l(__scatter.o)
    0x08000128   0x08000128   0x0000001a   Code   RO         5334    !!handler_copy      c_w.l(__scatter_copy.o)
    0x08000142   0x08000142   0x00000002   PAD
    0x08000144   0x08000144   0x0000001c   Code   RO         5336    !!handler_zi        c_w.l(__scatter_zi.o)
    0x08000160   0x08000160   0x00000000   Code   RO         5055    .ARM.Collect$$_printf_percent$$00000000  c_w.l(_printf_percent.o)
    0x08000160   0x08000160   0x00000006   Code   RO         5053    .ARM.Collect$$_printf_percent$$00000009  c_w.l(_printf_d.o)
    0x08000166   0x08000166   0x00000006   Code   RO         5054    .ARM.Collect$$_printf_percent$$0000000A  c_w.l(_printf_u.o)
    0x0800016c   0x0800016c   0x00000006   Code   RO         5052    .ARM.Collect$$_printf_percent$$00000014  c_w.l(_printf_s.o)
    0x08000172   0x08000172   0x00000004   Code   RO         5126    .ARM.Collect$$_printf_percent$$00000017  c_w.l(_printf_percent_end.o)
    0x08000176   0x08000176   0x00000002   Code   RO         5197    .ARM.Collect$$libinit$$00000000  c_w.l(libinit.o)
    0x08000178   0x08000178   0x00000000   Code   RO         5205    .ARM.Collect$$libinit$$00000002  c_w.l(libinit2.o)
    0x08000178   0x08000178   0x00000000   Code   RO         5207    .ARM.Collect$$libinit$$00000004  c_w.l(libinit2.o)
    0x08000178   0x08000178   0x00000000   Code   RO         5210    .ARM.Collect$$libinit$$0000000A  c_w.l(libinit2.o)
    0x08000178   0x08000178   0x00000000   Code   RO         5212    .ARM.Collect$$libinit$$0000000C  c_w.l(libinit2.o)
    0x08000178   0x08000178   0x00000000   Code   RO         5214    .ARM.Collect$$libinit$$0000000E  c_w.l(libinit2.o)
    0x08000178   0x08000178   0x00000006   Code   RO         5215    .ARM.Collect$$libinit$$0000000F  c_w.l(libinit2.o)
    0x0800017e   0x0800017e   0x00000000   Code   RO         5217    .ARM.Collect$$libinit$$00000011  c_w.l(libinit2.o)
    0x0800017e   0x0800017e   0x0000000c   Code   RO         5218    .ARM.Collect$$libinit$$00000012  c_w.l(libinit2.o)
    0x0800018a   0x0800018a   0x00000000   Code   RO         5219    .ARM.Collect$$libinit$$00000013  c_w.l(libinit2.o)
    0x0800018a   0x0800018a   0x00000000   Code   RO         5221    .ARM.Collect$$libinit$$00000015  c_w.l(libinit2.o)
    0x0800018a   0x0800018a   0x00000000   Code   RO         5223    .ARM.Collect$$libinit$$00000017  c_w.l(libinit2.o)
    0x0800018a   0x0800018a   0x00000000   Code   RO         5225    .ARM.Collect$$libinit$$00000019  c_w.l(libinit2.o)
    0x0800018a   0x0800018a   0x00000000   Code   RO         5227    .ARM.Collect$$libinit$$0000001B  c_w.l(libinit2.o)
    0x0800018a   0x0800018a   0x00000000   Code   RO         5229    .ARM.Collect$$libinit$$0000001D  c_w.l(libinit2.o)
    0x0800018a   0x0800018a   0x00000000   Code   RO         5231    .ARM.Collect$$libinit$$0000001F  c_w.l(libinit2.o)
    0x0800018a   0x0800018a   0x00000000   Code   RO         5233    .ARM.Collect$$libinit$$00000021  c_w.l(libinit2.o)
    0x0800018a   0x0800018a   0x00000000   Code   RO         5235    .ARM.Collect$$libinit$$00000023  c_w.l(libinit2.o)
    0x0800018a   0x0800018a   0x00000000   Code   RO         5237    .ARM.Collect$$libinit$$00000025  c_w.l(libinit2.o)
    0x0800018a   0x0800018a   0x00000000   Code   RO         5241    .ARM.Collect$$libinit$$0000002C  c_w.l(libinit2.o)
    0x0800018a   0x0800018a   0x00000000   Code   RO         5243    .ARM.Collect$$libinit$$0000002E  c_w.l(libinit2.o)
    0x0800018a   0x0800018a   0x00000000   Code   RO         5245    .ARM.Collect$$libinit$$00000030  c_w.l(libinit2.o)
    0x0800018a   0x0800018a   0x00000000   Code   RO         5247    .ARM.Collect$$libinit$$00000032  c_w.l(libinit2.o)
    0x0800018a   0x0800018a   0x00000002   Code   RO         5248    .ARM.Collect$$libinit$$00000033  c_w.l(libinit2.o)
    0x0800018c   0x0800018c   0x00000002   Code   RO         5270    .ARM.Collect$$libshutdown$$00000000  c_w.l(libshutdown.o)
    0x0800018e   0x0800018e   0x00000000   Code   RO         5283    .ARM.Collect$$libshutdown$$00000002  c_w.l(libshutdown2.o)
    0x0800018e   0x0800018e   0x00000000   Code   RO         5285    .ARM.Collect$$libshutdown$$00000004  c_w.l(libshutdown2.o)
    0x0800018e   0x0800018e   0x00000000   Code   RO         5287    .ARM.Collect$$libshutdown$$00000006  c_w.l(libshutdown2.o)
    0x0800018e   0x0800018e   0x00000000   Code   RO         5290    .ARM.Collect$$libshutdown$$00000009  c_w.l(libshutdown2.o)
    0x0800018e   0x0800018e   0x00000000   Code   RO         5293    .ARM.Collect$$libshutdown$$0000000C  c_w.l(libshutdown2.o)
    0x0800018e   0x0800018e   0x00000000   Code   RO         5295    .ARM.Collect$$libshutdown$$0000000E  c_w.l(libshutdown2.o)
    0x0800018e   0x0800018e   0x00000000   Code   RO         5298    .ARM.Collect$$libshutdown$$00000011  c_w.l(libshutdown2.o)
    0x0800018e   0x0800018e   0x00000002   Code   RO         5299    .ARM.Collect$$libshutdown$$00000012  c_w.l(libshutdown2.o)
    0x08000190   0x08000190   0x00000000   Code   RO         5108    .ARM.Collect$$rtentry$$00000000  c_w.l(__rtentry.o)
    0x08000190   0x08000190   0x00000000   Code   RO         5156    .ARM.Collect$$rtentry$$00000002  c_w.l(__rtentry2.o)
    0x08000190   0x08000190   0x00000006   Code   RO         5168    .ARM.Collect$$rtentry$$00000004  c_w.l(__rtentry4.o)
    0x08000196   0x08000196   0x00000000   Code   RO         5158    .ARM.Collect$$rtentry$$00000009  c_w.l(__rtentry2.o)
    0x08000196   0x08000196   0x00000004   Code   RO         5159    .ARM.Collect$$rtentry$$0000000A  c_w.l(__rtentry2.o)
    0x0800019a   0x0800019a   0x00000000   Code   RO         5161    .ARM.Collect$$rtentry$$0000000C  c_w.l(__rtentry2.o)
    0x0800019a   0x0800019a   0x00000008   Code   RO         5162    .ARM.Collect$$rtentry$$0000000D  c_w.l(__rtentry2.o)
    0x080001a2   0x080001a2   0x00000002   Code   RO         5200    .ARM.Collect$$rtexit$$00000000  c_w.l(rtexit.o)
    0x080001a4   0x080001a4   0x00000000   Code   RO         5252    .ARM.Collect$$rtexit$$00000002  c_w.l(rtexit2.o)
    0x080001a4   0x080001a4   0x00000004   Code   RO         5253    .ARM.Collect$$rtexit$$00000003  c_w.l(rtexit2.o)
    0x080001a8   0x080001a8   0x00000006   Code   RO         5254    .ARM.Collect$$rtexit$$00000004  c_w.l(rtexit2.o)
    0x080001ae   0x080001ae   0x00000002   PAD
    0x080001b0   0x080001b0   0x00000096   Code   RO         4877    .emb_text           port.o
    0x08000246   0x08000246   0x00000002   PAD
    0x08000248   0x08000248   0x00000040   Code   RO            4    .text               startup_stm32f103xb.o
    0x08000288   0x08000288   0x00000026   Code   RO         5020    .text               c_w.l(llushr.o)
    0x080002ae   0x080002ae   0x00000002   PAD
    0x080002b0   0x080002b0   0x00000038   Code   RO         5022    .text               c_w.l(__2snprintf.o)
    0x080002e8   0x080002e8   0x00000068   Code   RO         5026    .text               c_w.l(__printf.o)
    0x08000350   0x08000350   0x00000052   Code   RO         5028    .text               c_w.l(_printf_str.o)
    0x080003a2   0x080003a2   0x00000002   PAD
    0x080003a4   0x080003a4   0x00000078   Code   RO         5030    .text               c_w.l(_printf_dec.o)
    0x0800041c   0x0800041c   0x0000001a   Code   RO         5056    .text               c_w.l(atoi.o)
    0x08000436   0x08000436   0x00000024   Code   RO         5058    .text               c_w.l(strstr.o)
    0x0800045a   0x0800045a   0x00000096   Code   RO         5060    .text               c_w.l(strncmp.o)
    0x080004f0   0x080004f0   0x0000008a   Code   RO         5062    .text               c_w.l(rt_memcpy_v6.o)
    0x0800057a   0x0800057a   0x00000064   Code   RO         5064    .text               c_w.l(rt_memcpy_w.o)
    0x080005de   0x080005de   0x00000010   Code   RO         5068    .text               c_w.l(aeabi_memset.o)
    0x080005ee   0x080005ee   0x0000004e   Code   RO         5070    .text               c_w.l(rt_memclr_w.o)
    0x0800063c   0x0800063c   0x00000006   Code   RO         5072    .text               c_w.l(heapauxi.o)
    0x08000642   0x08000642   0x00000002   PAD
    0x08000644   0x08000644   0x00000008   Code   RO         5112    .text               c_w.l(rt_errno_addr_intlibspace.o)
    0x0800064c   0x0800064c   0x00000016   Code   RO         5114    .text               c_w.l(_rserrno.o)
    0x08000662   0x08000662   0x000000b2   Code   RO         5116    .text               c_w.l(_printf_intcommon.o)
    0x08000714   0x08000714   0x00000030   Code   RO         5118    .text               c_w.l(_printf_char_common.o)
    0x08000744   0x08000744   0x0000000a   Code   RO         5120    .text               c_w.l(_sputc.o)
    0x0800074e   0x0800074e   0x00000010   Code   RO         5122    .text               c_w.l(_snputc.o)
    0x0800075e   0x0800075e   0x0000002c   Code   RO         5124    .text               c_w.l(_printf_char.o)
    0x0800078a   0x0800078a   0x00000070   Code   RO         5127    .text               c_w.l(strtol.o)
    0x080007fa   0x080007fa   0x00000044   Code   RO         5129    .text               c_w.l(rt_memclr.o)
    0x0800083e   0x0800083e   0x00000002   PAD
    0x08000840   0x08000840   0x00000008   Code   RO         5152    .text               c_w.l(libspace.o)
    0x08000848   0x08000848   0x00000010   Code   RO         5170    .text               c_w.l(rt_ctype_table.o)
    0x08000858   0x08000858   0x0000009e   Code   RO         5174    .text               c_w.l(_strtoul.o)
    0x080008f6   0x080008f6   0x0000004a   Code   RO         5178    .text               c_w.l(sys_stackheap_outer.o)
    0x08000940   0x08000940   0x00000008   Code   RO         5183    .text               c_w.l(rt_locale_intlibspace.o)
    0x08000948   0x08000948   0x0000001c   Code   RO         5185    .text               c_w.l(_chval.o)
    0x08000964   0x08000964   0x00000012   Code   RO         5190    .text               c_w.l(exit.o)
    0x08000976   0x08000976   0x00000002   PAD
    0x08000978   0x08000978   0x00000080   Code   RO         5202    .text               c_w.l(strcmpv7m.o)
    0x080009f8   0x080009f8   0x0000000c   Code   RO         5262    .text               c_w.l(sys_exit.o)
    0x08000a04   0x08000a04   0x00000002   Code   RO         5273    .text               c_w.l(use_no_semi.o)
    0x08000a06   0x08000a06   0x00000000   Code   RO         5275    .text               c_w.l(indicate_semi.o)
    0x08000a06   0x08000a06   0x00000002   PAD
    0x08000a08   0x08000a08   0x00000056   Code   RO         1524    i.ADC_ConversionStop_Disable  stm32f1xx_hal_adc.o
    0x08000a5e   0x08000a5e   0x00000002   PAD
    0x08000a60   0x08000a60   0x0000007c   Code   RO         1528    i.ADC_Enable        stm32f1xx_hal_adc.o
    0x08000adc   0x08000adc   0x00000002   Code   RO          340    i.BusFault_Handler  stm32f1xx_it.o
    0x08000ade   0x08000ade   0x00000002   Code   RO          341    i.DebugMon_Handler  stm32f1xx_it.o
    0x08000ae0   0x08000ae0   0x00000008   Code   RO          342    i.EXTI15_10_IRQHandler  stm32f1xx_it.o
    0x08000ae8   0x08000ae8   0x00000024   Code   RO         2620    i.FLASH_MassErase   stm32f1xx_hal_flash_ex.o
    0x08000b0c   0x08000b0c   0x00000024   Code   RO         2625    i.FLASH_PageErase   stm32f1xx_hal_flash_ex.o
    0x08000b30   0x08000b30   0x0000001c   Code   RO         2517    i.FLASH_Program_HalfWord  stm32f1xx_hal_flash.o
    0x08000b4c   0x08000b4c   0x0000005c   Code   RO         2518    i.FLASH_SetErrorCode  stm32f1xx_hal_flash.o
    0x08000ba8   0x08000ba8   0x00000054   Code   RO         2519    i.FLASH_WaitForLastOperation  stm32f1xx_hal_flash.o
    0x08000bfc   0x08000bfc   0x000000fc   Code   RO         1530    i.HAL_ADC_ConfigChannel  stm32f1xx_hal_adc.o
    0x08000cf8   0x08000cf8   0x00000006   Code   RO         1537    i.HAL_ADC_GetValue  stm32f1xx_hal_adc.o
    0x08000cfe   0x08000cfe   0x00000002   PAD
    0x08000d00   0x08000d00   0x0000011c   Code   RO         1539    i.HAL_ADC_Init      stm32f1xx_hal_adc.o
    0x08000e1c   0x08000e1c   0x00000058   Code   RO          429    i.HAL_ADC_MspInit   stm32f1xx_hal_msp.o
    0x08000e74   0x08000e74   0x0000013c   Code   RO         1543    i.HAL_ADC_PollForConversion  stm32f1xx_hal_adc.o
    0x08000fb0   0x08000fb0   0x000000c0   Code   RO         1545    i.HAL_ADC_Start     stm32f1xx_hal_adc.o
    0x08001070   0x08001070   0x00000046   Code   RO         2181    i.HAL_DMA_Abort     stm32f1xx_hal_dma.o
    0x080010b6   0x080010b6   0x00000002   PAD
    0x080010b8   0x080010b8   0x00000098   Code   RO         2182    i.HAL_DMA_Abort_IT  stm32f1xx_hal_dma.o
    0x08001150   0x08001150   0x000000a8   Code   RO         2626    i.HAL_FLASHEx_Erase  stm32f1xx_hal_flash_ex.o
    0x080011f8   0x080011f8   0x00000014   Code   RO         2523    i.HAL_FLASH_Lock    stm32f1xx_hal_flash.o
    0x0800120c   0x0800120c   0x00000080   Code   RO         2528    i.HAL_FLASH_Program  stm32f1xx_hal_flash.o
    0x0800128c   0x0800128c   0x00000028   Code   RO         2530    i.HAL_FLASH_Unlock  stm32f1xx_hal_flash.o
    0x080012b4   0x080012b4   0x00000024   Code   RO           14    i.HAL_GPIO_EXTI_Callback  main.o
    0x080012d8   0x080012d8   0x00000018   Code   RO         2116    i.HAL_GPIO_EXTI_IRQHandler  stm32f1xx_hal_gpio.o
    0x080012f0   0x080012f0   0x000001e0   Code   RO         2117    i.HAL_GPIO_Init     stm32f1xx_hal_gpio.o
    0x080014d0   0x080014d0   0x0000000a   Code   RO         2119    i.HAL_GPIO_ReadPin  stm32f1xx_hal_gpio.o
    0x080014da   0x080014da   0x0000000a   Code   RO         2121    i.HAL_GPIO_WritePin  stm32f1xx_hal_gpio.o
    0x080014e4   0x080014e4   0x0000000c   Code   RO         1811    i.HAL_GetTick       stm32f1xx_hal.o
    0x080014f0   0x080014f0   0x0000005e   Code   RO         2777    i.HAL_IWDG_Init     stm32f1xx_hal_iwdg.o
    0x0800154e   0x0800154e   0x0000000c   Code   RO         2778    i.HAL_IWDG_Refresh  stm32f1xx_hal_iwdg.o
    0x0800155a   0x0800155a   0x00000002   PAD
    0x0800155c   0x0800155c   0x00000010   Code   RO         1817    i.HAL_IncTick       stm32f1xx_hal.o
    0x0800156c   0x0800156c   0x00000024   Code   RO         1818    i.HAL_Init          stm32f1xx_hal.o
    0x08001590   0x08001590   0x0000008c   Code   RO          476    i.HAL_InitTick      stm32f1xx_hal_timebase_tim.o
    0x0800161c   0x0800161c   0x00000048   Code   RO          430    i.HAL_MspInit       stm32f1xx_hal_msp.o
    0x08001664   0x08001664   0x0000001a   Code   RO         2277    i.HAL_NVIC_EnableIRQ  stm32f1xx_hal_cortex.o
    0x0800167e   0x0800167e   0x00000002   PAD
    0x08001680   0x08001680   0x00000040   Code   RO         2283    i.HAL_NVIC_SetPriority  stm32f1xx_hal_cortex.o
    0x080016c0   0x080016c0   0x00000024   Code   RO         2284    i.HAL_NVIC_SetPriorityGrouping  stm32f1xx_hal_cortex.o
    0x080016e4   0x080016e4   0x000000a4   Code   RO         2078    i.HAL_RCCEx_GetPeriphCLKFreq  stm32f1xx_hal_rcc_ex.o
    0x08001788   0x08001788   0x000000ec   Code   RO         2079    i.HAL_RCCEx_PeriphCLKConfig  stm32f1xx_hal_rcc_ex.o
    0x08001874   0x08001874   0x0000012c   Code   RO         1975    i.HAL_RCC_ClockConfig  stm32f1xx_hal_rcc.o
    0x080019a0   0x080019a0   0x00000040   Code   RO         1979    i.HAL_RCC_GetClockConfig  stm32f1xx_hal_rcc.o
    0x080019e0   0x080019e0   0x00000020   Code   RO         1982    i.HAL_RCC_GetPCLK1Freq  stm32f1xx_hal_rcc.o
    0x08001a00   0x08001a00   0x00000020   Code   RO         1983    i.HAL_RCC_GetPCLK2Freq  stm32f1xx_hal_rcc.o
    0x08001a20   0x08001a20   0x0000004c   Code   RO         1984    i.HAL_RCC_GetSysClockFreq  stm32f1xx_hal_rcc.o
    0x08001a6c   0x08001a6c   0x00000320   Code   RO         1987    i.HAL_RCC_OscConfig  stm32f1xx_hal_rcc.o
    0x08001d8c   0x08001d8c   0x00000002   Code   RO         1257    i.HAL_TIMEx_BreakCallback  stm32f1xx_hal_tim_ex.o
    0x08001d8e   0x08001d8e   0x00000002   Code   RO         1258    i.HAL_TIMEx_CommutCallback  stm32f1xx_hal_tim_ex.o
    0x08001d90   0x08001d90   0x0000005a   Code   RO          553    i.HAL_TIM_Base_Init  stm32f1xx_hal_tim.o
    0x08001dea   0x08001dea   0x00000002   Code   RO          555    i.HAL_TIM_Base_MspInit  stm32f1xx_hal_tim.o
    0x08001dec   0x08001dec   0x00000058   Code   RO          558    i.HAL_TIM_Base_Start_IT  stm32f1xx_hal_tim.o
    0x08001e44   0x08001e44   0x00000002   Code   RO          587    i.HAL_TIM_IC_CaptureCallback  stm32f1xx_hal_tim.o
    0x08001e46   0x08001e46   0x00000130   Code   RO          601    i.HAL_TIM_IRQHandler  stm32f1xx_hal_tim.o
    0x08001f76   0x08001f76   0x00000002   Code   RO          604    i.HAL_TIM_OC_DelayElapsedCallback  stm32f1xx_hal_tim.o
    0x08001f78   0x08001f78   0x00000002   Code   RO          631    i.HAL_TIM_PWM_PulseFinishedCallback  stm32f1xx_hal_tim.o
    0x08001f7a   0x08001f7a   0x00000002   PAD
    0x08001f7c   0x08001f7c   0x00000014   Code   RO           15    i.HAL_TIM_PeriodElapsedCallback  main.o
    0x08001f90   0x08001f90   0x00000002   Code   RO          644    i.HAL_TIM_TriggerCallback  stm32f1xx_hal_tim.o
    0x08001f92   0x08001f92   0x00000002   Code   RO         2819    i.HAL_UARTEx_RxEventCallback  stm32f1xx_hal_uart.o
    0x08001f94   0x08001f94   0x00000002   Code   RO         2833    i.HAL_UART_ErrorCallback  stm32f1xx_hal_uart.o
    0x08001f96   0x08001f96   0x00000002   PAD
    0x08001f98   0x08001f98   0x0000026c   Code   RO         2836    i.HAL_UART_IRQHandler  stm32f1xx_hal_uart.o
    0x08002204   0x08002204   0x00000064   Code   RO         2837    i.HAL_UART_Init     stm32f1xx_hal_uart.o
    0x08002268   0x08002268   0x00000134   Code   RO          432    i.HAL_UART_MspInit  stm32f1xx_hal_msp.o
    0x0800239c   0x0800239c   0x0000001c   Code   RO         2842    i.HAL_UART_Receive_IT  stm32f1xx_hal_uart.o
    0x080023b8   0x080023b8   0x00000144   Code   RO           16    i.HAL_UART_RxCpltCallback  main.o
    0x080024fc   0x080024fc   0x000000a0   Code   RO         2845    i.HAL_UART_Transmit  stm32f1xx_hal_uart.o
    0x0800259c   0x0800259c   0x00000002   Code   RO         2848    i.HAL_UART_TxCpltCallback  stm32f1xx_hal_uart.o
    0x0800259e   0x0800259e   0x00000002   Code   RO          343    i.HardFault_Handler  stm32f1xx_it.o
    0x080025a0   0x080025a0   0x0000004c   Code   RO           17    i.MX_ADC1_Init      main.o
    0x080025ec   0x080025ec   0x000000c0   Code   RO           18    i.MX_GPIO_Init      main.o
    0x080026ac   0x080026ac   0x00000002   Code   RO          344    i.MemManage_Handler  stm32f1xx_it.o
    0x080026ae   0x080026ae   0x00000002   Code   RO          345    i.NMI_Handler       stm32f1xx_it.o
    0x080026b0   0x080026b0   0x00000208   Code   RO         4957    i.ServoTask         servo.o
    0x080028b8   0x080028b8   0x0000002c   Code   RO         4958    i.Servo_Init        servo.o
    0x080028e4   0x080028e4   0x0000004c   Code   RO         4959    i.Servo_ProcessRxByte  servo.o
    0x08002930   0x08002930   0x0000000c   Code   RO         4960    i.Servo_RequestBackwash  servo.o
    0x0800293c   0x0800293c   0x00000038   Code   RO         4961    i.Servo_SetAllEquipmentOff  servo.o
    0x08002974   0x08002974   0x00000050   Code   RO         4962    i.Servo_SetPumpsOnlyOn  servo.o
    0x080029c4   0x080029c4   0x0000037c   Code   RO           19    i.StartGlobalTask   main.o
    0x08002d40   0x08002d40   0x000000f8   Code   RO           20    i.StartMqttWrite    main.o
    0x08002e38   0x08002e38   0x00000044   Code   RO           21    i.StartReadNTC      main.o
    0x08002e7c   0x08002e7c   0x00000128   Code   RO           22    i.StartTaskFloat    main.o
    0x08002fa4   0x08002fa4   0x0000001a   Code   RO         4315    i.SysTick_Handler   cmsis_os2.o
    0x08002fbe   0x08002fbe   0x00000080   Code   RO           23    i.SystemClock_Config  main.o
    0x0800303e   0x0800303e   0x00000002   Code   RO         3171    i.SystemInit        system_stm32f1xx.o
    0x08003040   0x08003040   0x0000000c   Code   RO          346    i.TIM1_UP_IRQHandler  stm32f1xx_it.o
    0x0800304c   0x0800304c   0x00000078   Code   RO          646    i.TIM_Base_SetConfig  stm32f1xx_hal_tim.o
    0x080030c4   0x080030c4   0x00000010   Code   RO         2850    i.UART_DMAAbortOnError  stm32f1xx_hal_uart.o
    0x080030d4   0x080030d4   0x0000004e   Code   RO         2860    i.UART_EndRxTransfer  stm32f1xx_hal_uart.o
    0x08003122   0x08003122   0x000000c2   Code   RO         2862    i.UART_Receive_IT   stm32f1xx_hal_uart.o
    0x080031e4   0x080031e4   0x000000b8   Code   RO         2863    i.UART_SetConfig    stm32f1xx_hal_uart.o
    0x0800329c   0x0800329c   0x00000036   Code   RO         2865    i.UART_Start_Receive_IT  stm32f1xx_hal_uart.o
    0x080032d2   0x080032d2   0x00000072   Code   RO         2866    i.UART_WaitOnFlagUntilTimeout  stm32f1xx_hal_uart.o
    0x08003344   0x08003344   0x0000000c   Code   RO          347    i.USART1_IRQHandler  stm32f1xx_it.o
    0x08003350   0x08003350   0x0000000c   Code   RO          348    i.USART2_IRQHandler  stm32f1xx_it.o
    0x0800335c   0x0800335c   0x0000000c   Code   RO          349    i.USART3_IRQHandler  stm32f1xx_it.o
    0x08003368   0x08003368   0x00000002   Code   RO          350    i.UsageFault_Handler  stm32f1xx_it.o
    0x0800336a   0x0800336a   0x00000020   Code   RO         2290    i.__NVIC_SetPriority  stm32f1xx_hal_cortex.o
    0x0800338a   0x0800338a   0x0000000a   Code   RO         5138    i.__mathlib_flt_divzero  m_ws.l(funder.o)
    0x08003394   0x08003394   0x00000006   Code   RO         5139    i.__mathlib_flt_infnan  m_ws.l(funder.o)
    0x0800339a   0x0800339a   0x00000008   Code   RO         5141    i.__mathlib_flt_invalid  m_ws.l(funder.o)
    0x080033a2   0x080033a2   0x00000002   PAD
    0x080033a4   0x080033a4   0x000000d8   Code   RO           24    i.handle_dwin_command  main.o
    0x0800347c   0x0800347c   0x0000002c   Code   RO           25    i.init_pool_state   main.o
    0x080034a8   0x080034a8   0x0000002c   Code   RO           26    i.load_pool_state_from_flash  main.o
    0x080034d4   0x080034d4   0x00000190   Code   RO         5099    i.logf              m_ws.l(logf.o)
    0x08003664   0x08003664   0x00000128   Code   RO           27    i.main              main.o
    0x0800378c   0x0800378c   0x0000001a   Code   RO         4317    i.osDelay           cmsis_os2.o
    0x080037a6   0x080037a6   0x0000000e   Code   RO         4329    i.osKernelGetTickCount  cmsis_os2.o
    0x080037b4   0x080037b4   0x00000024   Code   RO         4331    i.osKernelInitialize  cmsis_os2.o
    0x080037d8   0x080037d8   0x00000038   Code   RO         4334    i.osKernelStart     cmsis_os2.o
    0x08003810   0x08003810   0x00000064   Code   RO         4346    i.osMessageQueueGet  cmsis_os2.o
    0x08003874   0x08003874   0x00000058   Code   RO         4351    i.osMessageQueueNew  cmsis_os2.o
    0x080038cc   0x080038cc   0x00000052   Code   RO         4354    i.osMutexAcquire    cmsis_os2.o
    0x0800391e   0x0800391e   0x00000068   Code   RO         4357    i.osMutexNew        cmsis_os2.o
    0x08003986   0x08003986   0x00000042   Code   RO         4358    i.osMutexRelease    cmsis_os2.o
    0x080039c8   0x080039c8   0x0000008a   Code   RO         4376    i.osThreadNew       cmsis_os2.o
    0x08003a52   0x08003a52   0x00000002   PAD
    0x08003a54   0x08003a54   0x0000018c   Code   RO           28    i.parse_and_apply_json_command  main.o
    0x08003be0   0x08003be0   0x0000005c   Code   RO         3779    i.prvAddCurrentTaskToDelayedList  tasks.o
    0x08003c3c   0x08003c3c   0x000000d0   Code   RO         3780    i.prvAddNewTaskToReadyList  tasks.o
    0x08003d0c   0x08003d0c   0x00000058   Code   RO         4144    i.prvCheckForValidListAndQueue  timers.o
    0x08003d64   0x08003d64   0x00000026   Code   RO         3376    i.prvCopyDataFromQueue  queue.o
    0x08003d8a   0x08003d8a   0x0000006c   Code   RO         3377    i.prvCopyDataToQueue  queue.o
    0x08003df6   0x08003df6   0x00000034   Code   RO         3781    i.prvDeleteTCB      tasks.o
    0x08003e2a   0x08003e2a   0x00000002   PAD
    0x08003e2c   0x08003e2c   0x0000004c   Code   RO         4822    i.prvHeapInit       heap_4.o
    0x08003e78   0x08003e78   0x00000060   Code   RO         3782    i.prvIdleTask       tasks.o
    0x08003ed8   0x08003ed8   0x00000016   Code   RO         3378    i.prvInitialiseMutex  queue.o
    0x08003eee   0x08003eee   0x00000002   PAD
    0x08003ef0   0x08003ef0   0x00000022   Code   RO         3379    i.prvInitialiseNewQueue  queue.o
    0x08003f12   0x08003f12   0x00000002   PAD
    0x08003f14   0x08003f14   0x000000b0   Code   RO         3783    i.prvInitialiseNewTask  tasks.o
    0x08003fc4   0x08003fc4   0x0000004c   Code   RO         4823    i.prvInsertBlockIntoFreeList  heap_4.o
    0x08004010   0x08004010   0x00000038   Code   RO         4146    i.prvInsertTimerInActiveList  timers.o
    0x08004048   0x08004048   0x0000001c   Code   RO         3380    i.prvIsQueueEmpty   queue.o
    0x08004064   0x08004064   0x000000fc   Code   RO         4147    i.prvProcessReceivedCommands  timers.o
    0x08004160   0x08004160   0x000000c0   Code   RO         4148    i.prvProcessTimerOrBlockTask  timers.o
    0x08004220   0x08004220   0x00000020   Code   RO         3785    i.prvResetNextTaskUnblockTime  tasks.o
    0x08004240   0x08004240   0x00000028   Code   RO         4149    i.prvSampleTimeNow  timers.o
    0x08004268   0x08004268   0x0000006c   Code   RO         4150    i.prvSwitchTimerLists  timers.o
    0x080042d4   0x080042d4   0x00000028   Code   RO         4878    i.prvTaskExitError  port.o
    0x080042fc   0x080042fc   0x00000024   Code   RO         4151    i.prvTimerTask      timers.o
    0x08004320   0x08004320   0x0000006a   Code   RO         3381    i.prvUnlockQueue    queue.o
    0x0800438a   0x0800438a   0x00000002   PAD
    0x0800438c   0x0800438c   0x000000dc   Code   RO         4824    i.pvPortMalloc      heap_4.o
    0x08004468   0x08004468   0x00000018   Code   RO         3788    i.pvTaskIncrementMutexHeldCount  tasks.o
    0x08004480   0x08004480   0x00000024   Code   RO         4879    i.pxPortInitialiseStack  port.o
    0x080044a4   0x080044a4   0x000000d0   Code   RO           29    i.read_temperature_celsius_rounded  main.o
    0x08004574   0x08004574   0x00000028   Code   RO           30    i.request_rtc_time  main.o
    0x0800459c   0x0800459c   0x00000084   Code   RO           31    i.save_pool_state_to_flash  main.o
    0x08004620   0x08004620   0x00000026   Code   RO         3336    i.uxListRemove      list.o
    0x08004646   0x08004646   0x00000002   PAD
    0x08004648   0x08004648   0x00000014   Code   RO         4388    i.vApplicationGetIdleTaskMemory  cmsis_os2.o
    0x0800465c   0x0800465c   0x00000018   Code   RO         4389    i.vApplicationGetTimerTaskMemory  cmsis_os2.o
    0x08004674   0x08004674   0x00000002   Code   RO          308    i.vApplicationStackOverflowHook  freertos.o
    0x08004676   0x08004676   0x00000016   Code   RO         3337    i.vListInitialise   list.o
    0x0800468c   0x0800468c   0x00000006   Code   RO         3338    i.vListInitialiseItem  list.o
    0x08004692   0x08004692   0x00000030   Code   RO         3339    i.vListInsert       list.o
    0x080046c2   0x080046c2   0x00000018   Code   RO         3340    i.vListInsertEnd    list.o
    0x080046da   0x080046da   0x00000002   PAD
    0x080046dc   0x080046dc   0x00000040   Code   RO         4881    i.vPortEnterCritical  port.o
    0x0800471c   0x0800471c   0x00000028   Code   RO         4882    i.vPortExitCritical  port.o
    0x08004744   0x08004744   0x00000064   Code   RO         4825    i.vPortFree         heap_4.o
    0x080047a8   0x080047a8   0x00000024   Code   RO         4883    i.vPortSetupTimerInterrupt  port.o
    0x080047cc   0x080047cc   0x00000054   Code   RO         4884    i.vPortValidateInterruptPriority  port.o
    0x08004820   0x08004820   0x00000028   Code   RO         3387    i.vQueueAddToRegistry  queue.o
    0x08004848   0x08004848   0x00000044   Code   RO         3391    i.vQueueWaitForMessageRestricted  queue.o
    0x0800488c   0x0800488c   0x0000004c   Code   RO         3798    i.vTaskDelay        tasks.o
    0x080048d8   0x080048d8   0x0000008c   Code   RO         3799    i.vTaskDelayUntil   tasks.o
    0x08004964   0x08004964   0x00000010   Code   RO         3803    i.vTaskInternalSetTimeOutState  tasks.o
    0x08004974   0x08004974   0x0000000c   Code   RO         3804    i.vTaskMissedYield  tasks.o
    0x08004980   0x08004980   0x00000030   Code   RO         3806    i.vTaskPlaceOnEventList  tasks.o
    0x080049b0   0x080049b0   0x00000038   Code   RO         3807    i.vTaskPlaceOnEventListRestricted  tasks.o
    0x080049e8   0x080049e8   0x00000090   Code   RO         3809    i.vTaskPriorityDisinheritAfterTimeout  tasks.o
    0x08004a78   0x08004a78   0x00000088   Code   RO         3815    i.vTaskStartScheduler  tasks.o
    0x08004b00   0x08004b00   0x00000010   Code   RO         3817    i.vTaskSuspendAll   tasks.o
    0x08004b10   0x08004b10   0x0000008c   Code   RO         3818    i.vTaskSwitchContext  tasks.o
    0x08004b9c   0x08004b9c   0x0000003c   Code   RO           32    i.write_variable    main.o
    0x08004bd8   0x08004bd8   0x000000a8   Code   RO         4885    i.xPortStartScheduler  port.o
    0x08004c80   0x08004c80   0x0000002c   Code   RO         4886    i.xPortSysTickHandler  port.o
    0x08004cac   0x08004cac   0x00000016   Code   RO         3394    i.xQueueCreateMutex  queue.o
    0x08004cc2   0x08004cc2   0x0000001a   Code   RO         3395    i.xQueueCreateMutexStatic  queue.o
    0x08004cdc   0x08004cdc   0x00000042   Code   RO         3396    i.xQueueGenericCreate  queue.o
    0x08004d1e   0x08004d1e   0x00000066   Code   RO         3397    i.xQueueGenericCreateStatic  queue.o
    0x08004d84   0x08004d84   0x00000088   Code   RO         3398    i.xQueueGenericReset  queue.o
    0x08004e0c   0x08004e0c   0x00000160   Code   RO         3399    i.xQueueGenericSend  queue.o
    0x08004f6c   0x08004f6c   0x000000be   Code   RO         3400    i.xQueueGenericSendFromISR  queue.o
    0x0800502a   0x0800502a   0x0000003e   Code   RO         3404    i.xQueueGiveMutexRecursive  queue.o
    0x08005068   0x08005068   0x00000138   Code   RO         3409    i.xQueueReceive     queue.o
    0x080051a0   0x080051a0   0x0000009a   Code   RO         3410    i.xQueueReceiveFromISR  queue.o
    0x0800523a   0x0800523a   0x00000002   PAD
    0x0800523c   0x0800523c   0x00000178   Code   RO         3411    i.xQueueSemaphoreTake  queue.o
    0x080053b4   0x080053b4   0x00000040   Code   RO         3412    i.xQueueTakeMutexRecursive  queue.o
    0x080053f4   0x080053f4   0x00000074   Code   RO         3820    i.xTaskCheckForTimeOut  tasks.o
    0x08005468   0x08005468   0x0000005a   Code   RO         3821    i.xTaskCreate       tasks.o
    0x080054c2   0x080054c2   0x00000056   Code   RO         3822    i.xTaskCreateStatic  tasks.o
    0x08005518   0x08005518   0x0000000c   Code   RO         3825    i.xTaskGetCurrentTaskHandle  tasks.o
    0x08005524   0x08005524   0x0000001c   Code   RO         3826    i.xTaskGetSchedulerState  tasks.o
    0x08005540   0x08005540   0x0000000c   Code   RO         3827    i.xTaskGetTickCount  tasks.o
    0x0800554c   0x0800554c   0x00000010   Code   RO         3828    i.xTaskGetTickCountFromISR  tasks.o
    0x0800555c   0x0800555c   0x000000c8   Code   RO         3829    i.xTaskIncrementTick  tasks.o
    0x08005624   0x08005624   0x00000080   Code   RO         3832    i.xTaskPriorityDisinherit  tasks.o
    0x080056a4   0x080056a4   0x00000078   Code   RO         3833    i.xTaskPriorityInherit  tasks.o
    0x0800571c   0x0800571c   0x00000070   Code   RO         3834    i.xTaskRemoveFromEventList  tasks.o
    0x0800578c   0x0800578c   0x000000c4   Code   RO         3835    i.xTaskResumeAll    tasks.o
    0x08005850   0x08005850   0x00000060   Code   RO         4160    i.xTimerCreateTimerTask  timers.o
    0x080058b0   0x080058b0   0x00000068   Code   RO         4161    i.xTimerGenericCommand  timers.o
    0x08005918   0x08005918   0x0000002c   Code   RO         5188    locale$$code        c_w.l(lc_ctype_c.o)
    0x08005944   0x08005944   0x000000c4   Code   RO         5076    x$fpl$fadd          fz_ws.l(faddsub_clz.o)
    0x08005a08   0x08005a08   0x0000000c   Code   RO         5176    x$fpl$fcheck1       fz_ws.l(fcheck1.o)
    0x08005a14   0x08005a14   0x00000184   Code   RO         5083    x$fpl$fdiv          fz_ws.l(fdiv.o)
    0x08005b98   0x08005b98   0x0000003e   Code   RO         5086    x$fpl$ffixu         fz_ws.l(ffixu.o)
    0x08005bd6   0x08005bd6   0x00000002   PAD
    0x08005bd8   0x08005bd8   0x00000030   Code   RO         5091    x$fpl$fflt          fz_ws.l(fflt_clz.o)
    0x08005c08   0x08005c08   0x00000026   Code   RO         5090    x$fpl$ffltu         fz_ws.l(fflt_clz.o)
    0x08005c2e   0x08005c2e   0x00000002   PAD
    0x08005c30   0x08005c30   0x00000102   Code   RO         5096    x$fpl$fmul          fz_ws.l(fmul.o)
    0x08005d32   0x08005d32   0x0000008c   Code   RO         5131    x$fpl$fnaninf       fz_ws.l(fnaninf.o)
    0x08005dbe   0x08005dbe   0x0000000a   Code   RO         5133    x$fpl$fretinf       fz_ws.l(fretinf.o)
    0x08005dc8   0x08005dc8   0x000000ea   Code   RO         5078    x$fpl$fsub          fz_ws.l(faddsub_clz.o)
    0x08005eb2   0x08005eb2   0x00000064   Code   RO         5198    x$fpl$retnan        fz_ws.l(retnan.o)
    0x08005f16   0x08005f16   0x0000004c   Code   RO         5135    x$fpl$scalbnf       fz_ws.l(scalbnf.o)
    0x08005f62   0x08005f62   0x00000030   Code   RO         5249    x$fpl$trapveneer    fz_ws.l(trapv.o)
    0x08005f92   0x08005f92   0x00000000   Code   RO         5137    x$fpl$usenofp       fz_ws.l(usenofp.o)
    0x08005f92   0x08005f92   0x00000002   PAD
    0x08005f94   0x08005f94   0x000000c8   Data   RO           34    .constdata          main.o
    0x0800605c   0x0800605c   0x00000012   Data   RO         1988    .constdata          stm32f1xx_hal_rcc.o
    0x0800606e   0x0800606e   0x00000012   Data   RO         2080    .constdata          stm32f1xx_hal_rcc_ex.o
    0x08006080   0x08006080   0x00000010   Data   RO         3172    .constdata          system_stm32f1xx.o
    0x08006090   0x08006090   0x00000008   Data   RO         3173    .constdata          system_stm32f1xx.o
    0x08006098   0x08006098   0x00000024   Data   RO         4964    .constdata          servo.o
    0x080060bc   0x080060bc   0x00000040   Data   RO         5100    .constdata          m_ws.l(logf.o)
    0x080060fc   0x080060fc   0x00000116   Data   RO           35    .conststring        main.o
    0x08006212   0x08006212   0x00000002   PAD
    0x08006214   0x08006214   0x0000000a   Data   RO         4965    .conststring        servo.o
    0x0800621e   0x0800621e   0x00000002   PAD
    0x08006220   0x08006220   0x00000020   Data   RO         5330    Region$$Table       anon$$obj.o
    0x08006240   0x08006240   0x00000110   Data   RO         5187    locale$$data        c_w.l(lc_ctype_c.o)


    Execution Region RW_IRAM1 (Exec base: 0x20000000, Load base: 0x08006350, Size: 0x00003f00, Max: 0x00005000, ABSOLUTE)

    Exec Addr    Load Addr    Size         Type   Attr      Idx    E Section Name        Object

    0x20000000   0x08006350   0x0000002c   Data   RW           36    .data               main.o
    0x2000002c   0x0800637c   0x0000000c   Data   RW         1825    .data               stm32f1xx_hal.o
    0x20000038   0x08006388   0x00000004   Data   RW         3174    .data               system_stm32f1xx.o
    0x2000003c   0x0800638c   0x0000003c   Data   RW         3838    .data               tasks.o
    0x20000078   0x080063c8   0x00000014   Data   RW         4169    .data               timers.o
    0x2000008c   0x080063dc   0x00000004   Data   RW         4392    .data               cmsis_os2.o
    0x20000090   0x080063e0   0x00000020   Data   RW         4831    .data               heap_4.o
    0x200000b0   0x08006400   0x0000000c   Data   RW         4887    .data               port.o
    0x200000bc   0x0800640c   0x00000008   Data   RW         4966    .data               servo.o
    0x200000c4        -       0x00000276   Zero   RW           33    .bss                main.o
    0x2000033a   0x08006414   0x00000002   PAD
    0x2000033c        -       0x00000048   Zero   RW          479    .bss                stm32f1xx_hal_timebase_tim.o
    0x20000384   0x08006414   0x00000004   PAD
    0x20000388        -       0x00000020   Zero   RW         2531    .bss                stm32f1xx_hal_flash.o
    0x200003a8        -       0x00000040   Zero   RW         3413    .bss                queue.o
    0x200003e8        -       0x000004c4   Zero   RW         3837    .bss                tasks.o
    0x200008ac        -       0x00000118   Zero   RW         4168    .bss                timers.o
    0x200009c4        -       0x000006b8   Zero   RW         4391    .bss                cmsis_os2.o
    0x2000107c        -       0x00002800   Zero   RW         4830    .bss                heap_4.o
    0x2000387c        -       0x00000020   Zero   RW         4963    .bss                servo.o
    0x2000389c        -       0x00000060   Zero   RW         5153    .bss                c_w.l(libspace.o)
    0x200038fc   0x08006414   0x00000004   PAD
    0x20003900        -       0x00000200   Zero   RW            2    HEAP                startup_stm32f103xb.o
    0x20003b00        -       0x00000400   Zero   RW            1    STACK               startup_stm32f103xb.o


==============================================================================

Image component sizes


      Code (inc. data)   RO Data    RW Data    ZI Data      Debug   Object Name

       780         26          0          4       1720      49201   cmsis_os2.o
         0          0          0          0          0      19452   event_groups.o
         2          0          0          0          0        472   freertos.o
       472         24          0         32      10240       4611   heap_4.o
       138          0          0          0          0       3246   list.o
      3716        434        478         44        630     483880   main.o
       662         70          0         12          0      10429   port.o
      2306         24          0          0         64      24267   queue.o
       788        144         46          8         32       5738   servo.o
        64         26        236          0       1536        784   startup_stm32f103xb.o
        64         14          0         12          0       4486   stm32f1xx_hal.o
      1260         54          0          0          0       6328   stm32f1xx_hal_adc.o
       158         14          0          0          0      28058   stm32f1xx_hal_cortex.o
       222          4          0          0          0       1695   stm32f1xx_hal_dma.o
       392         46          0          0         32       4522   stm32f1xx_hal_flash.o
       240         26          0          0          0       3141   stm32f1xx_hal_flash_ex.o
       524         40          0          0          0       3982   stm32f1xx_hal_gpio.o
       106          0          0          0          0       1783   stm32f1xx_hal_iwdg.o
       468         48          0          0          0       2407   stm32f1xx_hal_msp.o
      1304         94         18          0          0       5569   stm32f1xx_hal_rcc.o
       400         28         18          0          0       2393   stm32f1xx_hal_rcc_ex.o
       612         24          0          0          0       6924   stm32f1xx_hal_tim.o
         4          0          0          0          0       1509   stm32f1xx_hal_tim_ex.o
       140         22          0          0         72       1351   stm32f1xx_hal_timebase_tim.o
      1554         10          0          0          0      10596   stm32f1xx_hal_uart.o
        68         24          0          0          0       4493   stm32f1xx_it.o
         0          0          0          0          0       9508   stream_buffer.o
         2          0         24          4          0       1043   system_stm32f1xx.o
      2580        208          0         60       1220      30210   tasks.o
       972         80          0         20        280      29095   timers.o

    ----------------------------------------------------------------------
     20030       1484        856        196      15832     761173   Object Totals
         0          0         32          0          0          0   (incl. Generated)
        32          0          4          0          6          0   (incl. Padding)

    ----------------------------------------------------------------------

      Code (inc. data)   RO Data    RW Data    ZI Data      Debug   Library Member Name

        56          6          0          0          0         88   __2snprintf.o
         8          0          0          0          0         68   __main.o
       104          0          0          0          0         84   __printf.o
         0          0          0          0          0          0   __rtentry.o
        12          0          0          0          0          0   __rtentry2.o
         6          0          0          0          0          0   __rtentry4.o
        52          8          0          0          0          0   __scatter.o
        26          0          0          0          0          0   __scatter_copy.o
        28          0          0          0          0          0   __scatter_zi.o
        28          0          0          0          0         68   _chval.o
        44          0          0          0          0        108   _printf_char.o
        48          6          0          0          0         96   _printf_char_common.o
         6          0          0          0          0          0   _printf_d.o
       120         16          0          0          0         92   _printf_dec.o
       178          0          0          0          0         88   _printf_intcommon.o
         0          0          0          0          0          0   _printf_percent.o
         4          0          0          0          0          0   _printf_percent_end.o
         6          0          0          0          0          0   _printf_s.o
        82          0          0          0          0         80   _printf_str.o
         6          0          0          0          0          0   _printf_u.o
        22          0          0          0          0        100   _rserrno.o
        16          0          0          0          0         68   _snputc.o
        10          0          0          0          0         68   _sputc.o
       158          0          0          0          0         92   _strtoul.o
        16          0          0          0          0         68   aeabi_memset.o
        26          0          0          0          0         80   atoi.o
        18          0          0          0          0         80   exit.o
         6          0          0          0          0        152   heapauxi.o
         0          0          0          0          0          0   indicate_semi.o
        44         10        272          0          0         76   lc_ctype_c.o
         2          0          0          0          0          0   libinit.o
        20          0          0          0          0          0   libinit2.o
         2          0          0          0          0          0   libshutdown.o
         2          0          0          0          0          0   libshutdown2.o
         8          4          0          0         96         68   libspace.o
        38          0          0          0          0         68   llushr.o
        16          4          0          0          0         76   rt_ctype_table.o
         8          4          0          0          0         68   rt_errno_addr_intlibspace.o
         8          4          0          0          0         68   rt_locale_intlibspace.o
        68          0          0          0          0         68   rt_memclr.o
        78          0          0          0          0         80   rt_memclr_w.o
       138          0          0          0          0         68   rt_memcpy_v6.o
       100          0          0          0          0         80   rt_memcpy_w.o
         2          0          0          0          0          0   rtexit.o
        10          0          0          0          0          0   rtexit2.o
       128          0          0          0          0         68   strcmpv7m.o
       150          0          0          0          0         80   strncmp.o
        36          0          0          0          0         80   strstr.o
       112          0          0          0          0         88   strtol.o
        12          4          0          0          0         68   sys_exit.o
        74          0          0          0          0         80   sys_stackheap_outer.o
         2          0          0          0          0         68   use_no_semi.o
       430          8          0          0          0        168   faddsub_clz.o
        12          4          0          0          0         68   fcheck1.o
       388         76          0          0          0         96   fdiv.o
        62          4          0          0          0         84   ffixu.o
        86          0          0          0          0        136   fflt_clz.o
       258          4          0          0          0         84   fmul.o
       140          4          0          0          0         84   fnaninf.o
        10          0          0          0          0         68   fretinf.o
       100          0          0          0          0         68   retnan.o
        76          0          0          0          0         68   scalbnf.o
        48          0          0          0          0         68   trapv.o
         0          0          0          0          0          0   usenofp.o
        24          0          0          0          0        204   funder.o
       400         38         64          0          0        132   logf.o

    ----------------------------------------------------------------------
      4202        204        336          0        100       4060   Library Totals
        24          0          0          0          4          0   (incl. Padding)

    ----------------------------------------------------------------------

      Code (inc. data)   RO Data    RW Data    ZI Data      Debug   Library Name

      2144         66        272          0         96       2732   c_w.l
      1610        100          0          0          0        992   fz_ws.l
       424         38         64          0          0        336   m_ws.l

    ----------------------------------------------------------------------
      4202        204        336          0        100       4060   Library Totals

    ----------------------------------------------------------------------

==============================================================================


      Code (inc. data)   RO Data    RW Data    ZI Data      Debug   

     24232       1688       1192        196      15932     752957   Grand Totals
     24232       1688       1192        196      15932     752957   ELF Image Totals
     24232       1688       1192        196          0          0   ROM Totals

==============================================================================

    Total RO  Size (Code + RO Data)                25424 (  24.83kB)
    Total RW  Size (RW Data + ZI Data)             16128 (  15.75kB)
    Total ROM Size (Code + RO Data + RW Data)      25620 (  25.02kB)

==============================================================================

